Component: ARM Compiler 5.06 update 6 (build 750) Tool: armlink [4d35ed]

==============================================================================

Section Cross References

    delay.o(i.delay_init) refers to misc.o(i.SysTick_CLKSourceConfig) for SysTick_CLKSourceConfig
    delay.o(i.delay_init) refers to system_stm32f10x.o(.data) for SystemCoreClock
    delay.o(i.delay_init) refers to delay.o(.data) for fac_us
    delay.o(i.delay_ms) refers to delay.o(.data) for fac_ms
    delay.o(i.delay_us) refers to delay.o(.data) for fac_us
    usart.o(i.USART1_IRQHandler) refers (Special) to use_no_semi_2.o(.text) for __use_no_semihosting
    usart.o(i.USART1_IRQHandler) refers to stm32f10x_usart.o(i.USART_GetITStatus) for USART_GetITStatus
    usart.o(i.USART1_IRQHandler) refers to usart.o(.data) for IS_USART1_RX_HEAD
    usart.o(i._sys_exit) refers (Special) to use_no_semi_2.o(.text) for __use_no_semihosting
    usart.o(i.fputc) refers (Special) to use_no_semi_2.o(.text) for __use_no_semihosting
    usart.o(i.uart_init) refers (Special) to use_no_semi_2.o(.text) for __use_no_semihosting
    usart.o(i.uart_init) refers to stm32f10x_rcc.o(i.RCC_APB2PeriphClockCmd) for RCC_APB2PeriphClockCmd
    usart.o(i.uart_init) refers to stm32f10x_gpio.o(i.GPIO_Init) for GPIO_Init
    usart.o(i.uart_init) refers to misc.o(i.NVIC_Init) for NVIC_Init
    usart.o(i.uart_init) refers to stm32f10x_usart.o(i.USART_Init) for USART_Init
    usart.o(i.uart_init) refers to stm32f10x_usart.o(i.USART_ITConfig) for USART_ITConfig
    usart.o(i.uart_init) refers to stm32f10x_usart.o(i.USART_Cmd) for USART_Cmd
    usart.o(.bss) refers (Special) to use_no_semi_2.o(.text) for __use_no_semihosting
    usart.o(.data) refers (Special) to use_no_semi_2.o(.text) for __use_no_semihosting
    timer.o(i.TIM1_Init) refers to stm32f10x_rcc.o(i.RCC_APB2PeriphClockCmd) for RCC_APB2PeriphClockCmd
    timer.o(i.TIM1_Init) refers to stm32f10x_tim.o(i.TIM_TimeBaseInit) for TIM_TimeBaseInit
    timer.o(i.TIM1_Init) refers to stm32f10x_tim.o(i.TIM_ITConfig) for TIM_ITConfig
    timer.o(i.TIM1_Init) refers to misc.o(i.NVIC_Init) for NVIC_Init
    timer.o(i.TIM1_Init) refers to stm32f10x_tim.o(i.TIM_Cmd) for TIM_Cmd
    timer2.o(i.MOTOR_PWM_Init) refers to stm32f10x_rcc.o(i.RCC_APB1PeriphClockCmd) for RCC_APB1PeriphClockCmd
    timer2.o(i.MOTOR_PWM_Init) refers to stm32f10x_rcc.o(i.RCC_APB2PeriphClockCmd) for RCC_APB2PeriphClockCmd
    timer2.o(i.MOTOR_PWM_Init) refers to stm32f10x_gpio.o(i.GPIO_Init) for GPIO_Init
    timer2.o(i.MOTOR_PWM_Init) refers to stm32f10x_tim.o(i.TIM_TimeBaseInit) for TIM_TimeBaseInit
    timer2.o(i.MOTOR_PWM_Init) refers to stm32f10x_tim.o(i.TIM_OC3Init) for TIM_OC3Init
    timer2.o(i.MOTOR_PWM_Init) refers to stm32f10x_tim.o(i.TIM_OC4Init) for TIM_OC4Init
    timer2.o(i.MOTOR_PWM_Init) refers to stm32f10x_tim.o(i.TIM_OC3PreloadConfig) for TIM_OC3PreloadConfig
    timer2.o(i.MOTOR_PWM_Init) refers to stm32f10x_tim.o(i.TIM_OC4PreloadConfig) for TIM_OC4PreloadConfig
    timer2.o(i.MOTOR_PWM_Init) refers to stm32f10x_tim.o(i.TIM_Cmd) for TIM_Cmd
    timer3.o(i.TIM3_Configuration) refers to stm32f10x_rcc.o(i.RCC_APB1PeriphClockCmd) for RCC_APB1PeriphClockCmd
    timer3.o(i.TIM3_Configuration) refers to stm32f10x_tim.o(i.TIM_DeInit) for TIM_DeInit
    timer3.o(i.TIM3_Configuration) refers to stm32f10x_tim.o(i.TIM_TimeBaseInit) for TIM_TimeBaseInit
    timer3.o(i.TIM3_Configuration) refers to stm32f10x_tim.o(i.TIM_ClearFlag) for TIM_ClearFlag
    timer3.o(i.TIM3_IRQHandler) refers to stm32f10x_tim.o(i.TIM_GetITStatus) for TIM_GetITStatus
    timer3.o(i.TIM3_IRQHandler) refers to stm32f10x_tim.o(i.TIM_ClearITPendingBit) for TIM_ClearITPendingBit
    timer3.o(i.TIM3_NVIC_Configuration) refers to misc.o(i.NVIC_Init) for NVIC_Init
    usart2.o(i.USART2_IRQHandler) refers to stm32f10x_usart.o(i.USART_GetITStatus) for USART_GetITStatus
    usart2.o(i.USART2_IRQHandler) refers to usart2.o(.data) for IS_USART2_RX_HEAD
    usart2.o(i.USART2_IRQHandler) refers to usart2.o(.bss) for USART2_RX_BUF
    usart2.o(i.u2_printf) refers to c89vsprintf.o(.text) for __c89vsprintf
    usart2.o(i.u2_printf) refers to strlen.o(.text) for strlen
    usart2.o(i.u2_printf) refers to stm32f10x_usart.o(i.USART_GetFlagStatus) for USART_GetFlagStatus
    usart2.o(i.u2_printf) refers to stm32f10x_usart.o(i.USART_SendData) for USART_SendData
    usart2.o(i.u2_printf) refers to usart2.o(.bss) for USART2_TX_BUF
    usart2.o(i.uart2_init) refers to stm32f10x_rcc.o(i.RCC_APB2PeriphClockCmd) for RCC_APB2PeriphClockCmd
    usart2.o(i.uart2_init) refers to stm32f10x_rcc.o(i.RCC_APB1PeriphClockCmd) for RCC_APB1PeriphClockCmd
    usart2.o(i.uart2_init) refers to stm32f10x_gpio.o(i.GPIO_Init) for GPIO_Init
    usart2.o(i.uart2_init) refers to misc.o(i.NVIC_Init) for NVIC_Init
    usart2.o(i.uart2_init) refers to stm32f10x_usart.o(i.USART_Init) for USART_Init
    usart2.o(i.uart2_init) refers to stm32f10x_usart.o(i.USART_ITConfig) for USART_ITConfig
[...]
    ../clib/locale.s                         0x00000000   Number         0  lc_numeric_c.o ABSOLUTE
    ../clib/locale.s                         0x00000000   Number         0  lc_ctype_c.o ABSOLUTE
    ../clib/longlong.s                       0x00000000   Number         0  lludiv10.o ABSOLUTE
    ../clib/memcpset.s                       0x00000000   Number         0  strcmpv7m.o ABSOLUTE
    ../clib/misc.s                           0x00000000   Number         0  printf_stubs.o ABSOLUTE
    ../clib/printf.c                         0x00000000   Number         0  _printf_char.o ABSOLUTE
    ../clib/printf.c                         0x00000000   Number         0  __printf_nopercent.o ABSOLUTE
    ../clib/printf.c                         0x00000000   Number         0  _printf_fp_dec.o ABSOLUTE
    ../clib/printf.c                         0x00000000   Number         0  _printf_wchar.o ABSOLUTE
    ../clib/printf.c                         0x00000000   Number         0  _printf_truncate.o ABSOLUTE
    ../clib/printf.c                         0x00000000   Number         0  _printf_str.o ABSOLUTE
    ../clib/printf.c                         0x00000000   Number         0  _printf_oct_int.o ABSOLUTE
    ../clib/printf.c                         0x00000000   Number         0  _printf_pad.o ABSOLUTE
    ../clib/printf.c                         0x00000000   Number         0  _printf_hex_ptr.o ABSOLUTE
    ../clib/printf.c                         0x00000000   Number         0  __printf_wp.o ABSOLUTE
    ../clib/printf.c                         0x00000000   Number         0  _printf_fp_infnan.o ABSOLUTE
    ../clib/printf.c                         0x00000000   Number         0  __printf_flags_ss.o ABSOLUTE
    ../clib/printf.c                         0x00000000   Number         0  __printf_ss.o ABSOLUTE
    ../clib/printf.c                         0x00000000   Number         0  __printf_flags.o ABSOLUTE
    ../clib/printf.c                         0x00000000   Number         0  __printf_ss_wp.o ABSOLUTE
    ../clib/printf.c                         0x00000000   Number         0  __printf_flags_wp.o ABSOLUTE
    ../clib/printf.c                         0x00000000   Number         0  _printf_intcommon.o ABSOLUTE
    ../clib/printf.c                         0x00000000   Number         0  _printf_charcount.o ABSOLUTE
    ../clib/printf.c                         0x00000000   Number         0  __printf_flags_ss_wp.o ABSOLUTE
    ../clib/printf.c                         0x00000000   Number         0  _printf_hex_ll_ptr.o ABSOLUTE
    ../clib/printf.c                         0x00000000   Number         0  _printf_hex_int_ptr.o ABSOLUTE
    ../clib/printf.c                         0x00000000   Number         0  _printf_hex_int_ll.o ABSOLUTE
    ../clib/printf.c                         0x00000000   Number         0  _printf_hex_int.o ABSOLUTE
    ../clib/printf.c                         0x00000000   Number         0  _printf_dec.o ABSOLUTE
    ../clib/printf.c                         0x00000000   Number         0  __printf.o ABSOLUTE
    ../clib/printf.c                         0x00000000   Number         0  noretval__2printf.o ABSOLUTE
    ../clib/printf.c                         0x00000000   Number         0  __2printf.o ABSOLUTE
    ../clib/printf.c                         0x00000000   Number         0  c89vsprintf.o ABSOLUTE
    ../clib/printf.c                         0x00000000   Number         0  _printf_hex_ll.o ABSOLUTE
    ../clib/printf.c                         0x00000000   Number         0  _printf_hex_int_ll_ptr.o ABSOLUTE
    ../clib/printf.c                         0x00000000   Number         0  _sputc.o ABSOLUTE
    ../clib/printf.c                         0x00000000   Number         0  _printf_char_file.o ABSOLUTE
    ../clib/printf.c                         0x00000000   Number         0  _printf_wctomb.o ABSOLUTE
    ../clib/printf.c                         0x00000000   Number         0  _printf_longlong_dec.o ABSOLUTE
    ../clib/printf.c                         0x00000000   Number         0  _printf_oct_ll.o ABSOLUTE
    ../clib/printf.c                         0x00000000   Number         0  _printf_oct_int_ll.o ABSOLUTE
    ../clib/printf.c                         0x00000000   Number         0  _printf_char_common.o ABSOLUTE
    ../clib/printf_percent.s                 0x00000000   Number         0  _printf_a.o ABSOLUTE
    ../clib/printf_percent.s                 0x00000000   Number         0  _printf_o.o ABSOLUTE
    ../clib/printf_percent.s                 0x00000000   Number         0  _printf_lli.o ABSOLUTE
    ../clib/printf_percent.s                 0x00000000   Number         0  _printf_u.o ABSOLUTE
    ../clib/printf_percent.s                 0x00000000   Number         0  _printf_x.o ABSOLUTE
    ../clib/printf_percent.s                 0x00000000   Number         0  _printf_d.o ABSOLUTE
    ../clib/printf_percent.s                 0x00000000   Number         0  _printf_i.o ABSOLUTE
    ../clib/printf_percent.s                 0x00000000   Number         0  _printf_percent.o ABSOLUTE
    ../clib/printf_percent.s                 0x00000000   Number         0  _printf_lld.o ABSOLUTE
    ../clib/printf_percent.s                 0x00000000   Number         0  _printf_g.o ABSOLUTE
    ../clib/printf_percent.s                 0x00000000   Number         0  _printf_e.o ABSOLUTE
    ../clib/printf_percent.s                 0x00000000   Number         0  _printf_lc.o ABSOLUTE
    ../clib/printf_percent.s                 0x00000000   Number         0  _printf_l.o ABSOLUTE
    ../clib/printf_percent.s                 0x00000000   Number         0  _printf_ll.o ABSOLUTE
    ../clib/printf_percent.s                 0x00000000   Number         0  _printf_llu.o ABSOLUTE
    ../clib/printf_percent.s                 0x00000000   Number         0  _printf_percent_end.o ABSOLUTE
    ../clib/printf_percent.s                 0x00000000   Number         0  _printf_f.o ABSOLUTE
    ../clib/printf_percent.s                 0x00000000   Number         0  _printf_n.o ABSOLUTE
    ../clib/printf_percent.s                 0x00000000   Number         0  _printf_c.o ABSOLUTE
    ../clib/printf_percent.s                 0x00000000   Number         0  _printf_s.o ABSOLUTE
    ../clib/printf_percent.s                 0x00000000   Number         0  _printf_p.o ABSOLUTE
    ../clib/printf_percent.s                 0x00000000   Number         0  _printf_llx.o ABSOLUTE
    ../clib/printf_percent.s                 0x00000000   Number         0  _printf_llo.o ABSOLUTE
    ../clib/printf_percent.s                 0x00000000   Number         0  _printf_ls.o ABSOLUTE
    ../clib/signal.c                         0x00000000   Number         0  defsig_other.o ABSOLUTE
    ../clib/signal.c                         0x00000000   Number         0  defsig_rtmem_formal.o ABSOLUTE
    ../clib/signal.c                         0x00000000   Number         0  defsig_rtmem_outer.o ABSOLUTE
    ../clib/signal.c                         0x00000000   Number         0  defsig_exit.o ABSOLUTE
    ../clib/signal.c                         0x00000000   Number         0  defsig_rtmem_inner.o ABSOLUTE
    ../clib/signal.c                         0x00000000   Number         0  __raise.o ABSOLUTE
    ../clib/signal.c                         0x00000000   Number         0  defsig_general.o ABSOLUTE
    ../clib/signal.c                         0x00000000   Number         0  defsig_abrt_inner.o ABSOLUTE
    ../clib/signal.c                         0x00000000   Number         0  defsig_fpe_inner.o ABSOLUTE
    ../clib/signal.c                         0x00000000   Number         0  defsig_rtred_inner.o ABSOLUTE
    ../clib/signal.c                         0x00000000   Number         0  defsig_stak_inner.o ABSOLUTE
    ../clib/signal.c                         0x00000000   Number         0  defsig_pvfn_inner.o ABSOLUTE
    ../clib/signal.c                         0x00000000   Number         0  defsig_cppl_inner.o ABSOLUTE
    ../clib/signal.c                         0x00000000   Number         0  defsig_segv_inner.o ABSOLUTE
    ../clib/signal.s                         0x00000000   Number         0  defsig.o ABSOLUTE
    ../clib/stdio.c                          0x00000000   Number         0  ferror_locked.o ABSOLUTE
    ../clib/stdio.c                          0x00000000   Number         0  ferror.o ABSOLUTE
    ../clib/stdlib.c                         0x00000000   Number         0  exit.o ABSOLUTE
    ../clib/string.c                         0x00000000   Number         0  strlen.o ABSOLUTE
    ../fplib/daddsub.s                       0x00000000   Number         0  daddsub_clz.o ABSOLUTE
    ../fplib/dcmpi.s                         0x00000000   Number         0  dcmpi.o ABSOLUTE
    ../fplib/dfix.s                          0x00000000   Number         0  dfix.o ABSOLUTE
    ../fplib/dflt.s                          0x00000000   Number         0  dflt_clz.o ABSOLUTE
    ../fplib/dleqf.s                         0x00000000   Number         0  dleqf.o ABSOLUTE
    ../fplib/dnaninf.s                       0x00000000   Number         0  dnaninf.o ABSOLUTE
    ../fplib/dretinf.s                       0x00000000   Number         0  dretinf.o ABSOLUTE
    ../fplib/dsqrt.s                         0x00000000   Number         0  dsqrt_noumaal.o ABSOLUTE
    ../fplib/faddsub.s                       0x00000000   Number         0  faddsub_clz.o ABSOLUTE
    ../fplib/fcmpi.s                         0x00000000   Number         0  fcmpi.o ABSOLUTE
    ../fplib/fdiv.s                          0x00000000   Number         0  fdiv.o ABSOLUTE
    ../fplib/ffix.s                          0x00000000   Number         0  ffix.o ABSOLUTE
    ../fplib/fflt.s                          0x00000000   Number         0  fflt_clz.o ABSOLUTE
    ../fplib/fleqf.s                         0x00000000   Number         0  fleqf.o ABSOLUTE
    ../fplib/fmul.s                          0x00000000   Number         0  fmul.o ABSOLUTE
    ../fplib/fnaninf.s                       0x00000000   Number         0  fnaninf.o ABSOLUTE
    ../fplib/fpinit.s                        0x00000000   Number         0  fpinit.o ABSOLUTE
    ../fplib/fretinf.s                       0x00000000   Number         0  fretinf.o ABSOLUTE
    ../fplib/frleqf.s                        0x00000000   Number         0  frleqf.o ABSOLUTE
    ../fplib/istatus.s                       0x00000000   Number         0  istatus.o ABSOLUTE
    ../fplib/printf1.s                       0x00000000   Number         0  printf1.o ABSOLUTE
    ../fplib/usenofp.s                       0x00000000   Number         0  usenofp.o ABSOLUTE
    ../mathlib/fpclassify.c                  0x00000000   Number         0  fpclassify.o ABSOLUTE
    ../mathlib/sqrt.c                        0x00000000   Number         0  sqrt_x.o ABSOLUTE
    ../mathlib/sqrt.c                        0x00000000   Number         0  sqrt.o ABSOLUTE
    ..\CORE\core_cm3.c                       0x00000000   Number         0  core_cm3.o ABSOLUTE
    ..\FWLIB\src\misc.c                      0x00000000   Number         0  misc.o ABSOLUTE
    ..\FWLIB\src\stm32f10x_adc.c             0x00000000   Number         0  stm32f10x_adc.o ABSOLUTE
    ..\FWLIB\src\stm32f10x_bkp.c             0x00000000   Number         0  stm32f10x_bkp.o ABSOLUTE
    ..\FWLIB\src\stm32f10x_can.c             0x00000000   Number         0  stm32f10x_can.o ABSOLUTE
    ..\FWLIB\src\stm32f10x_cec.c             0x00000000   Number         0  stm32f10x_cec.o ABSOLUTE
    ..\FWLIB\src\stm32f10x_crc.c             0x00000000   Number         0  stm32f10x_crc.o ABSOLUTE
    ..\FWLIB\src\stm32f10x_dac.c             0x00000000   Number         0  stm32f10x_dac.o ABSOLUTE
    ..\FWLIB\src\stm32f10x_dbgmcu.c          0x00000000   Number         0  stm32f10x_dbgmcu.o ABSOLUTE
    ..\FWLIB\src\stm32f10x_dma.c             0x00000000   Number         0  stm32f10x_dma.o ABSOLUTE
    ..\FWLIB\src\stm32f10x_exti.c            0x00000000   Number         0  stm32f10x_exti.o ABSOLUTE
    ..\FWLIB\src\stm32f10x_flash.c           0x00000000   Number         0  stm32f10x_flash.o ABSOLUTE
    ..\FWLIB\src\stm32f10x_fsmc.c            0x00000000   Number         0  stm32f10x_fsmc.o ABSOLUTE
    ..\FWLIB\src\stm32f10x_gpio.c            0x00000000   Number         0  stm32f10x_gpio.o ABSOLUTE
    ..\FWLIB\src\stm32f10x_i2c.c             0x00000000   Number         0  stm32f10x_i2c.o ABSOLUTE
    ..\FWLIB\src\stm32f10x_it.c              0x00000000   Number         0  stm32f10x_it.o ABSOLUTE
    ..\FWLIB\src\stm32f10x_iwdg.c            0x00000000   Number         0  stm32f10x_iwdg.o ABSOLUTE
    ..\FWLIB\src\stm32f10x_pwr.c             0x00000000   Number         0  stm32f10x_pwr.o ABSOLUTE
    ..\FWLIB\src\stm32f10x_rcc.c             0x00000000   Number         0  stm32f10x_rcc.o ABSOLUTE
    ..\FWLIB\src\stm32f10x_rtc.c             0x00000000   Number         0  stm32f10x_rtc.o ABSOLUTE
    ..\FWLIB\src\stm32f10x_sdio.c            0x00000000   Number         0  stm32f10x_sdio.o ABSOLUTE
    ..\FWLIB\src\stm32f10x_spi.c             0x00000000   Number         0  stm32f10x_spi.o ABSOLUTE
    ..\FWLIB\src\stm32f10x_tim.c             0x00000000   Number         0  stm32f10x_tim.o ABSOLUTE
    ..\FWLIB\src\stm32f10x_usart.c           0x00000000   Number         0  stm32f10x_usart.o ABSOLUTE
    ..\FWLIB\src\stm32f10x_wwdg.c            0x00000000   Number         0  stm32f10x_wwdg.o ABSOLUTE
    ..\HARDWARE\key.c                        0x00000000   Number         0  key.o ABSOLUTE
    ..\HARDWARE\servo.c                      0x00000000   Number         0  servo.o ABSOLUTE
    ..\STARTUP\startup_stm32f10x_md.s        0x00000000   Number         0  startup_stm32f10x_md.o ABSOLUTE
    ..\SYSTEM\delay\delay.c                  0x00000000   Number         0  delay.o ABSOLUTE
    ..\SYSTEM\sys\sys.c                      0x00000000   Number         0  sys.o ABSOLUTE
    ..\SYSTEM\timer\timer.c                  0x00000000   Number         0  timer.o ABSOLUTE
    ..\SYSTEM\timer\timer2.c                 0x00000000   Number         0  timer2.o ABSOLUTE
    ..\SYSTEM\timer\timer3.c                 0x00000000   Number         0  timer3.o ABSOLUTE
    ..\SYSTEM\usart2\usart2.c                0x00000000   Number         0  usart2.o ABSOLUTE
    ..\SYSTEM\usart\usart.c                  0x00000000   Number         0  usart.o ABSOLUTE
    ..\\CORE\\core_cm3.c                     0x00000000   Number         0  core_cm3.o ABSOLUTE
    ..\\SYSTEM\\sys\\sys.c                   0x00000000   Number         0  sys.o ABSOLUTE
    control.c                                0x00000000   Number         0  control.o ABSOLUTE
    dc.s                                     0x00000000   Number         0  dc.o ABSOLUTE
    main.c                                   0x00000000   Number         0  main.o ABSOLUTE
    pid.c                                    0x00000000   Number         0  pid.o ABSOLUTE
    system_stm32f10x.c                       0x00000000   Number         0  system_stm32f10x.o ABSOLUTE
    RESET                                    0x08000000   Section      236  startup_stm32f10x_md.o(RESET)
    !!!main                                  0x080000ec   Section        8  __main.o(!!!main)
    !!!scatter                               0x080000f4   Section       52  __scatter.o(!!!scatter)
    !!handler_copy                           0x08000128   Section       26  __scatter_copy.o(!!handler_copy)
    !!handler_zi                             0x08000144   Section       28  __scatter_zi.o(!!handler_zi)
    .ARM.Collect$$_printf_percent$$00000000  0x08000160   Section        0  _printf_percent.o(.ARM.Collect$$_printf_percent$$00000000)
    .ARM.Collect$$_printf_percent$$0000000C  0x08000160   Section        6  _printf_x.o(.ARM.Collect$$_printf_percent$$0000000C)
    .ARM.Collect$$_printf_percent$$00000017  0x08000166   Section        4  _printf_percent_end.o(.ARM.Collect$$_printf_percent$$00000017)
    .ARM.Collect$$libinit$$00000000          0x0800016a   Section        2  libinit.o(.ARM.Collect$$libinit$$00000000)
    .ARM.Collect$$libinit$$00000002          0x0800016c   Section        0  libinit2.o(.ARM.Collect$$libinit$$00000002)
    .ARM.Collect$$libinit$$00000004          0x0800016c   Section        0  libinit2.o(.ARM.Collect$$libinit$$00000004)
    .ARM.Collect$$libinit$$0000000A          0x0800016c   Section        0  libinit2.o(.ARM.Collect$$libinit$$0000000A)
    .ARM.Collect$$libinit$$0000000C          0x0800016c   Section        0  libinit2.o(.ARM.Collect$$libinit$$0000000C)
    .ARM.Collect$$libinit$$0000000E          0x0800016c   Section        0  libinit2.o(.ARM.Collect$$libinit$$0000000E)
    .ARM.Collect$$libinit$$00000011          0x0800016c   Section        0  libinit2.o(.ARM.Collect$$libinit$$00000011)
    .ARM.Collect$$libinit$$00000013          0x0800016c   Section        0  libinit2.o(.ARM.Collect$$libinit$$00000013)
    .ARM.Collect$$libinit$$00000015          0x0800016c   Section        0  libinit2.o(.ARM.Collect$$libinit$$00000015)
    .ARM.Collect$$libinit$$00000017          0x0800016c   Section        0  libinit2.o(.ARM.Collect$$libinit$$00000017)
    .ARM.Collect$$libinit$$00000019          0x0800016c   Section        0  libinit2.o(.ARM.Collect$$libinit$$00000019)
    .ARM.Collect$$libinit$$0000001B          0x0800016c   Section        0  libinit2.o(.ARM.Collect$$libinit$$0000001B)
    .ARM.Collect$$libinit$$0000001D          0x0800016c   Section        0  libinit2.o(.ARM.Collect$$libinit$$0000001D)
    .ARM.Collect$$libinit$$0000001F          0x0800016c   Section        0  libinit2.o(.ARM.Collect$$libinit$$0000001F)
    .ARM.Collect$$libinit$$00000021          0x0800016c   Section        0  libinit2.o(.ARM.Collect$$libinit$$00000021)
    .ARM.Collect$$libinit$$00000023          0x0800016c   Section        0  libinit2.o(.ARM.Collect$$libinit$$00000023)
    .ARM.Collect$$libinit$$00000025          0x0800016c   Section        0  libinit2.o(.ARM.Collect$$libinit$$00000025)
    .ARM.Collect$$libinit$$0000002C          0x0800016c   Section        0  libinit2.o(.ARM.Collect$$libinit$$0000002C)
    .ARM.Collect$$libinit$$0000002E          0x0800016c   Section        0  libinit2.o(.ARM.Collect$$libinit$$0000002E)
    .ARM.Collect$$libinit$$00000030          0x0800016c   Section        0  libinit2.o(.ARM.Collect$$libinit$$00000030)
    .ARM.Collect$$libinit$$00000032          0x0800016c   Section        0  libinit2.o(.ARM.Collect$$libinit$$00000032)
    .ARM.Collect$$libinit$$00000033          0x0800016c   Section        2  libinit2.o(.ARM.Collect$$libinit$$00000033)
    .ARM.Collect$$libshutdown$$00000000      0x0800016e   Section        2  libshutdown.o(.ARM.Collect$$libshutdown$$00000000)
    .ARM.Collect$$libshutdown$$00000002      0x08000170   Section        0  libshutdown2.o(.ARM.Collect$$libshutdown$$00000002)
    .ARM.Collect$$libshutdown$$00000004      0x08000170   Section        0  libshutdown2.o(.ARM.Collect$$libshutdown$$00000004)
    .ARM.Collect$$libshutdown$$00000007      0x08000170   Section        0  libshutdown2.o(.ARM.Collect$$libshutdown$$00000007)
    .ARM.Collect$$libshutdown$$0000000A      0x08000170   Section        0  libshutdown2.o(.ARM.Collect$$libshutdown$$0000000A)
    .ARM.Collect$$libshutdown$$0000000C      0x08000170   Section        0  libshutdown2.o(.ARM.Collect$$libshutdown$$0000000C)
    .ARM.Collect$$libshutdown$$0000000F      0x08000170   Section        0  libshutdown2.o(.ARM.Collect$$libshutdown$$0000000F)
    .ARM.Collect$$libshutdown$$00000010      0x08000170   Section        2  libshutdown2.o(.ARM.Collect$$libshutdown$$00000010)
    .ARM.Collect$$rtentry$$00000000          0x08000172   Section        0  __rtentry.o(.ARM.Collect$$rtentry$$00000000)
    .ARM.Collect$$rtentry$$00000002          0x08000172   Section        0  __rtentry2.o(.ARM.Collect$$rtentry$$00000002)
    .ARM.Collect$$rtentry$$00000004          0x08000172   Section        6  __rtentry4.o(.ARM.Collect$$rtentry$$00000004)
    .ARM.Collect$$rtentry$$00000009          0x08000178   Section        0  __rtentry2.o(.ARM.Collect$$rtentry$$00000009)
    .ARM.Collect$$rtentry$$0000000A          0x08000178   Section        4  __rtentry2.o(.ARM.Collect$$rtentry$$0000000A)
    .ARM.Collect$$rtentry$$0000000C          0x0800017c   Section        0  __rtentry2.o(.ARM.Collect$$rtentry$$0000000C)
    .ARM.Collect$$rtentry$$0000000D          0x0800017c   Section        8  __rtentry2.o(.ARM.Collect$$rtentry$$0000000D)
    .ARM.Collect$$rtexit$$00000000           0x08000184   Section        2  rtexit.o(.ARM.Collect$$rtexit$$00000000)
    .ARM.Collect$$rtexit$$00000002           0x08000186   Section        0  rtexit2.o(.ARM.Collect$$rtexit$$00000002)
    .ARM.Collect$$rtexit$$00000003           0x08000186   Section        4  rtexit2.o(.ARM.Collect$$rtexit$$00000003)
    .ARM.Collect$$rtexit$$00000004           0x0800018a   Section        6  rtexit2.o(.ARM.Collect$$rtexit$$00000004)
    .text                                    0x08000190   Section       64  startup_stm32f10x_md.o(.text)
    .text                                    0x080001d0   Section        2  use_no_semi_2.o(.text)
    .text                                    0x080001d4   Section        0  __2printf.o(.text)
    .text                                    0x080001ec   Section        0  _printf_hex_int_ll_ptr.o(.text)
    _printf_hex_common                       0x080001ed   Thumb Code     0  _printf_hex_int_ll_ptr.o(.text)
    .text                                    0x08000280   Section        0  __printf_flags_ss_wp.o(.text)
    .text                                    0x08000408   Section        0  heapauxi.o(.text)
    .text                                    0x0800040e   Section        2  use_no_semi.o(.text)
    .text                                    0x08000410   Section        0  _rserrno.o(.text)
    .text                                    0x08000426   Section        0  _printf_intcommon.o(.text)
    .text                                    0x080004d8   Section        0  _printf_char_common.o(.text)
    _printf_input_char                       0x080004d9   Thumb Code    10  _printf_char_common.o(.text)
    .text                                    0x08000508   Section        0  _printf_char_file.o(.text)
    .text                                    0x0800052c   Section        8  rt_errno_addr_intlibspace.o(.text)
    .text                                    0x08000534   Section        0  ferror.o(.text)
    .text                                    0x0800053c   Section        8  libspace.o(.text)
    .text                                    0x08000544   Section       74  sys_stackheap_outer.o(.text)
    .text                                    0x0800058e   Section        0  exit.o(.text)
    i.BusFault_Handler                       0x080005a0   Section        0  stm32f10x_it.o(i.BusFault_Handler)
    i.DebugMon_Handler                       0x080005a4   Section        0  stm32f10x_it.o(i.DebugMon_Handler)
    i.GPIO_Init                              0x080005a6   Section        0  stm32f10x_gpio.o(i.GPIO_Init)
    i.HardFault_Handler                      0x080006bc   Section        0  stm32f10x_it.o(i.HardFault_Handler)
    i.MemManage_Handler                      0x080006c0   Section        0  stm32f10x_it.o(i.MemManage_Handler)
    i.Mode_Base_1                            0x080006c4   Section        0  control.o(i.Mode_Base_1)
    i.Mode_Base_2                            0x080006d0   Section        0  control.o(i.Mode_Base_2)
    i.Mode_Base_3                            0x08000728   Section        0  control.o(i.Mode_Base_3)
    i.Mode_Base_4                            0x080007dc   Section        0  control.o(i.Mode_Base_4)
    i.Mode_Draw_Square                       0x08000844   Section        0  control.o(i.Mode_Draw_Square)
    i.Mode_Go_Num                            0x08000a6c   Section        0  control.o(i.Mode_Go_Num)
    i.Mode_Init                              0x08000b44   Section        0  control.o(i.Mode_Init)
    i.Mode_Plus_1                            0x08000b58   Section        0  control.o(i.Mode_Plus_1)
    i.Mode_Stop                              0x08000c00   Section        0  control.o(i.Mode_Stop)
    i.NMI_Handler                            0x08000c18   Section        0  stm32f10x_it.o(i.NMI_Handler)
    i.NVIC_Init                              0x08000c1c   Section        0  misc.o(i.NVIC_Init)
    i.NVIC_PriorityGroupConfig               0x08000c8c   Section        0  misc.o(i.NVIC_PriorityGroupConfig)
    i.PID_Limit                              0x08000ca0   Section        0  control.o(i.PID_Limit)
    i.PID_Side_X                             0x08000cf0   Section        0  pid.o(i.PID_Side_X)
    i.PID_Side_Y                             0x08000dd0   Section        0  pid.o(i.PID_Side_Y)
    i.PID_Speed_X                            0x08000eb0   Section        0  pid.o(i.PID_Speed_X)
    i.PID_Speed_Y                            0x08000fa4   Section        0  pid.o(i.PID_Speed_Y)
    i.PendSV_Handler                         0x08001098   Section        0  stm32f10x_it.o(i.PendSV_Handler)
    i.RCC_APB1PeriphClockCmd                 0x0800109c   Section        0  stm32f10x_rcc.o(i.RCC_APB1PeriphClockCmd)
    i.RCC_APB2PeriphClockCmd                 0x080010bc   Section        0  stm32f10x_rcc.o(i.RCC_APB2PeriphClockCmd)
    i.RCC_GetClocksFreq                      0x080010dc   Section        0  stm32f10x_rcc.o(i.RCC_GetClocksFreq)
    i.SVC_Handler                            0x080011b0   Section        0  stm32f10x_it.o(i.SVC_Handler)
    i.SetSysClock                            0x080011b2   Section        0  system_stm32f10x.o(i.SetSysClock)
    SetSysClock                              0x080011b3   Thumb Code     8  system_stm32f10x.o(i.SetSysClock)
    i.SetSysClockTo72                        0x080011bc   Section        0  system_stm32f10x.o(i.SetSysClockTo72)
    SetSysClockTo72                          0x080011bd   Thumb Code   214  system_stm32f10x.o(i.SetSysClockTo72)
    i.Set_PWM                                0x0800129c   Section        0  servo.o(i.Set_PWM)
    i.SysTick_CLKSourceConfig                0x080012b4   Section        0  misc.o(i.SysTick_CLKSourceConfig)
    i.SysTick_Handler                        0x080012dc   Section        0  stm32f10x_it.o(i.SysTick_Handler)
    i.SystemInit                             0x080012e0   Section        0  system_stm32f10x.o(i.SystemInit)
    i.TIM1_Init                              0x08001340   Section        0  timer.o(i.TIM1_Init)
    i.TIM1_UP_IRQHandler                     0x0800139c   Section        0  control.o(i.TIM1_UP_IRQHandler)
    i.TIM3_IRQHandler                        0x0800148c   Section        0  timer3.o(i.TIM3_IRQHandler)
    i.TIM3_PWM_Init                          0x080014a8   Section        0  servo.o(i.TIM3_PWM_Init)
    i.TIM_ClearITPendingBit                  0x08001544   Section        0  stm32f10x_tim.o(i.TIM_ClearITPendingBit)
    i.TIM_Cmd                                0x0800154a   Section        0  stm32f10x_tim.o(i.TIM_Cmd)
    i.TIM_GetITStatus                        0x08001562   Section        0  stm32f10x_tim.o(i.TIM_GetITStatus)
    i.TIM_ITConfig                           0x08001584   Section        0  stm32f10x_tim.o(i.TIM_ITConfig)
    i.TIM_OC1Init                            0x08001598   Section        0  stm32f10x_tim.o(i.TIM_OC1Init)
    i.TIM_OC1PreloadConfig                   0x08001630   Section        0  stm32f10x_tim.o(i.TIM_OC1PreloadConfig)
    i.TIM_OC2Init                            0x08001644   Section        0  stm32f10x_tim.o(i.TIM_OC2Init)
    i.TIM_OC2PreloadConfig                   0x080016e8   Section        0  stm32f10x_tim.o(i.TIM_OC2PreloadConfig)
    i.TIM_TimeBaseInit                       0x08001704   Section        0  stm32f10x_tim.o(i.TIM_TimeBaseInit)
    i.USART1_IRQHandler                      0x080017a8   Section        0  usart.o(i.USART1_IRQHandler)
    i.USART2_IRQHandler                      0x0800183c   Section        0  usart2.o(i.USART2_IRQHandler)
    i.USART_Cmd                              0x080018d0   Section        0  stm32f10x_usart.o(i.USART_Cmd)
    i.USART_GetITStatus                      0x080018e8   Section        0  stm32f10x_usart.o(i.USART_GetITStatus)
    i.USART_ITConfig                         0x0800193c   Section        0  stm32f10x_usart.o(i.USART_ITConfig)
    i.USART_Init                             0x08001988   Section        0  stm32f10x_usart.o(i.USART_Init)
    i.UsageFault_Handler                     0x08001a60   Section        0  stm32f10x_it.o(i.UsageFault_Handler)
    i._is_digit                              0x08001a64   Section        0  __printf_wp.o(i._is_digit)
    i._sys_exit                              0x08001a72   Section        0  usart.o(i._sys_exit)
    i.delay_init                             0x08001a78   Section        0  delay.o(i.delay_init)
    i.fputc                                  0x08001abc   Section        0  usart.o(i.fputc)
    i.main                                   0x08001ad8   Section        0  main.o(i.main)
    i.sqrt                                   0x08001c7c   Section        0  sqrt.o(i.sqrt)
    i.uart2_init                             0x08001cc8   Section        0  usart2.o(i.uart2_init)
    i.uart_init                              0x08001d68   Section        0  usart.o(i.uart_init)
    x$fpl$dadd                               0x08001e08   Section      336  daddsub_clz.o(x$fpl$dadd)
    _dadd1                                   0x08001e19   Thumb Code     0  daddsub_clz.o(x$fpl$dadd)
    x$fpl$dfix                               0x08001f58   Section       94  dfix.o(x$fpl$dfix)
    x$fpl$dflt                               0x08001fb6   Section       46  dflt_clz.o(x$fpl$dflt)
    x$fpl$dfltu                              0x08001fe4   Section       38  dflt_clz.o(x$fpl$dfltu)
    x$fpl$dnaninf                            0x0800200a   Section      156  dnaninf.o(x$fpl$dnaninf)
    x$fpl$dretinf                            0x080020a6   Section       12  dretinf.o(x$fpl$dretinf)
    x$fpl$dsqrt                              0x080020b4   Section      460  dsqrt_noumaal.o(x$fpl$dsqrt)
    x$fpl$dsub                               0x08002280   Section      468  daddsub_clz.o(x$fpl$dsub)
    _dsub1                                   0x08002291   Thumb Code     0  daddsub_clz.o(x$fpl$dsub)
    x$fpl$fadd                               0x08002454   Section      196  faddsub_clz.o(x$fpl$fadd)
    _fadd1                                   0x08002463   Thumb Code     0  faddsub_clz.o(x$fpl$fadd)
    x$fpl$fcmpinf                            0x08002518   Section       24  fcmpi.o(x$fpl$fcmpinf)
    x$fpl$fdiv                               0x08002530   Section      388  fdiv.o(x$fpl$fdiv)
    _fdiv1                                   0x08002531   Thumb Code     0  fdiv.o(x$fpl$fdiv)
    x$fpl$ffix                               0x080026b4   Section       54  ffix.o(x$fpl$ffix)
    x$fpl$fflt                               0x080026ec   Section       48  fflt_clz.o(x$fpl$fflt)
    x$fpl$ffltu                              0x0800271c   Section       38  fflt_clz.o(x$fpl$ffltu)
    x$fpl$fleqf                              0x08002744   Section      104  fleqf.o(x$fpl$fleqf)
    x$fpl$fmul                               0x080027ac   Section      258  fmul.o(x$fpl$fmul)
    x$fpl$fnaninf                            0x080028ae   Section      140  fnaninf.o(x$fpl$fnaninf)
    x$fpl$fretinf                            0x0800293a   Section       10  fretinf.o(x$fpl$fretinf)
    x$fpl$frleqf                             0x08002944   Section       98  frleqf.o(x$fpl$frleqf)
    x$fpl$frsb                               0x080029a6   Section       20  faddsub_clz.o(x$fpl$frsb)
    x$fpl$fsub                               0x080029bc   Section      234  faddsub_clz.o(x$fpl$fsub)
    _fsub1                                   0x080029cb   Thumb Code     0  faddsub_clz.o(x$fpl$fsub)
    .constdata                               0x08002aa6   Section       40  _printf_hex_int_ll_ptr.o(.constdata)
    x$fpl$usenofp                            0x08002aa6   Section        0  usenofp.o(x$fpl$usenofp)
    uc_hextab                                0x08002aa6   Data          20  _printf_hex_int_ll_ptr.o(.constdata)
    lc_hextab                                0x08002aba   Data          20  _printf_hex_int_ll_ptr.o(.constdata)
    .constdata                               0x08002ace   Section       17  __printf_flags_ss_wp.o(.constdata)
    maptable                                 0x08002ace   Data          17  __printf_flags_ss_wp.o(.constdata)
    .data                                    0x20000000   Section        4  delay.o(.data)
    fac_us                                   0x20000000   Data           1  delay.o(.data)
    fac_ms                                   0x20000002   Data           2  delay.o(.data)
    .data                                    0x20000004   Section       15  usart.o(.data)
    data_index                               0x20000010   Data           1  usart.o(.data)
    last_data                                0x20000011   Data           1  usart.o(.data)
    last_last_data                           0x20000012   Data           1  usart.o(.data)
    .data                                    0x20000014   Section        6  usart2.o(.data)
    data_index                               0x20000017   Data           1  usart2.o(.data)
    last_data                                0x20000018   Data           1  usart2.o(.data)
    last_last_data                           0x20000019   Data           1  usart2.o(.data)
    .data                                    0x2000001c   Section       20  system_stm32f10x.o(.data)
    .data                                    0x20000030   Section       13  main.o(.data)
    .data                                    0x20000040   Section       87  control.o(.data)
    .data                                    0x20000098   Section      104  pid.o(.data)
    Last_Bias                                0x200000c8   Data           4  pid.o(.data)
    Integration                              0x200000cc   Data           4  pid.o(.data)
    Balance_Integration                      0x200000d0   Data           4  pid.o(.data)
    Last_Bias                                0x200000d4   Data           4  pid.o(.data)
    Integration                              0x200000d8   Data           4  pid.o(.data)
    Balance_Integration                      0x200000dc   Data           4  pid.o(.data)
    Last_Bias                                0x200000e0   Data           4  pid.o(.data)
    Integration                              0x200000e4   Data           4  pid.o(.data)
    Balance_Integration                      0x200000e8   Data           4  pid.o(.data)
    last_side                                0x200000ec   Data           4  pid.o(.data)
    Last_Bias                                0x200000f0   Data           4  pid.o(.data)
    Integration                              0x200000f4   Data           4  pid.o(.data)
    Balance_Integration                      0x200000f8   Data           4  pid.o(.data)
    last_side                                0x200000fc   Data           4  pid.o(.data)
    .data                                    0x20000100   Section       20  stm32f10x_rcc.o(.data)
    APBAHBPrescTable                         0x20000100   Data          16  stm32f10x_rcc.o(.data)
    ADCPrescTable                            0x20000110   Data           4  stm32f10x_rcc.o(.data)
    .bss                                     0x20000114   Section      200  usart2.o(.bss)
    .bss                                     0x200001dc   Section       96  libspace.o(.bss)
    HEAP                                     0x20000240   Section      512  startup_stm32f10x_md.o(HEAP)
    Heap_Mem                                 0x20000240   Data         512  startup_stm32f10x_md.o(HEAP)
    STACK                                    0x20000440   Section     1024  startup_stm32f10x_md.o(STACK)
    Stack_Mem                                0x20000440   Data        1024  startup_stm32f10x_md.o(STACK)
    __initial_sp                             0x20000840   Data           0  startup_stm32f10x_md.o(STACK)

    Global Symbols

    Symbol Name                              Value     Ov Type        Size  Object(Section)

    BuildAttributes$$THM_ISAv4$P$D$K$B$S$PE$A:L22UL41UL21$X:L11$S22US41US21$IEEE1$IW$USESV6$~STKCKD$USESV7$~SHL$OTIME$ROPI$IEEEJ$EBA8$UX$STANDARDLIB$REQ8$PRES8$EABIv2 0x00000000   Number         0  anon$$obj.o ABSOLUTE
    __ARM_use_no_argv                        0x00000000   Number         0  main.o ABSOLUTE
    _printf_flags                            0x00000000   Number         0  printf_stubs.o ABSOLUTE
    _printf_return_value                     0x00000000   Number         0  printf_stubs.o ABSOLUTE
    _printf_sizespec                         0x00000000   Number         0  printf_stubs.o ABSOLUTE
    _printf_widthprec                        0x00000000   Number         0  printf_stubs.o ABSOLUTE
    __ARM_exceptions_init                     - Undefined Weak Reference
    __alloca_initialize                       - Undefined Weak Reference
    __arm_preinit_                            - Undefined Weak Reference
    __cpp_initialize__aeabi_                  - Undefined Weak Reference
    __cxa_finalize                            - Undefined Weak Reference
    __sigvec_lookup                           - Undefined Weak Reference
    _atexit_init                              - Undefined Weak Reference
    _call_atexit_fns                          - Undefined Weak Reference
    _clock_init                               - Undefined Weak Reference
    _fp_trap_init                             - Undefined Weak Reference
    _fp_trap_shutdown                         - Undefined Weak Reference
    _get_lc_collate                           - Undefined Weak Reference
    _get_lc_monetary                          - Undefined Weak Reference
    _get_lc_time                              - Undefined Weak Reference
    _getenv_init                              - Undefined Weak Reference
    _handle_redirection                       - Undefined Weak Reference
    _init_alloc                               - Undefined Weak Reference
    _init_user_alloc                          - Undefined Weak Reference
    _initio                                   - Undefined Weak Reference
    _mutex_acquire                            - Undefined Weak Reference
    _mutex_release                            - Undefined Weak Reference
    _printf_fp_hex                            - Undefined Weak Reference
    _printf_mbtowc                            - Undefined Weak Reference
    _printf_wc                                - Undefined Weak Reference
    _rand_init                                - Undefined Weak Reference
    _signal_finish                            - Undefined Weak Reference
    _signal_init                              - Undefined Weak Reference
    _terminate_alloc                          - Undefined Weak Reference
    _terminate_user_alloc                     - Undefined Weak Reference
    _terminateio                              - Undefined Weak Reference
    __Vectors_Size                           0x000000ec   Number         0  startup_stm32f10x_md.o ABSOLUTE
    __Vectors                                0x08000000   Data           4  startup_stm32f10x_md.o(RESET)
    __Vectors_End                            0x080000ec   Data           0  startup_stm32f10x_md.o(RESET)
    __main                                   0x080000ed   Thumb Code     8  __main.o(!!!main)
    __scatterload                            0x080000f5   Thumb Code     0  __scatter.o(!!!scatter)
    __scatterload_rt2                        0x080000f5   Thumb Code    44  __scatter.o(!!!scatter)
    __scatterload_rt2_thumb_only             0x080000f5   Thumb Code     0  __scatter.o(!!!scatter)
    __scatterload_null                       0x08000103   Thumb Code     0  __scatter.o(!!!scatter)
    __scatterload_copy                       0x08000129   Thumb Code    26  __scatter_copy.o(!!handler_copy)
    __scatterload_zeroinit                   0x08000145   Thumb Code    28  __scatter_zi.o(!!handler_zi)
    _printf_percent                          0x08000161   Thumb Code     0  _printf_percent.o(.ARM.Collect$$_printf_percent$$00000000)
    _printf_x                                0x08000161   Thumb Code     0  _printf_x.o(.ARM.Collect$$_printf_percent$$0000000C)
    _printf_percent_end                      0x08000167   Thumb Code     0  _printf_percent_end.o(.ARM.Collect$$_printf_percent$$00000017)
    __rt_lib_init                            0x0800016b   Thumb Code     0  libinit.o(.ARM.Collect$$libinit$$00000000)
    __rt_lib_init_alloca_1                   0x0800016d   Thumb Code     0  libinit2.o(.ARM.Collect$$libinit$$0000002E)
    __rt_lib_init_argv_1                     0x0800016d   Thumb Code     0  libinit2.o(.ARM.Collect$$libinit$$0000002C)
    __rt_lib_init_atexit_1                   0x0800016d   Thumb Code     0  libinit2.o(.ARM.Collect$$libinit$$0000001B)
    __rt_lib_init_clock_1                    0x0800016d   Thumb Code     0  libinit2.o(.ARM.Collect$$libinit$$00000021)
    __rt_lib_init_cpp_1                      0x0800016d   Thumb Code     0  libinit2.o(.ARM.Collect$$libinit$$00000032)
    __rt_lib_init_exceptions_1               0x0800016d   Thumb Code     0  libinit2.o(.ARM.Collect$$libinit$$00000030)
    __rt_lib_init_fp_1                       0x0800016d   Thumb Code     0  libinit2.o(.ARM.Collect$$libinit$$00000002)
    __rt_lib_init_fp_trap_1                  0x0800016d   Thumb Code     0  libinit2.o(.ARM.Collect$$libinit$$0000001F)
    __rt_lib_init_getenv_1                   0x0800016d   Thumb Code     0  libinit2.o(.ARM.Collect$$libinit$$00000023)
    __rt_lib_init_heap_1                     0x0800016d   Thumb Code     0  libinit2.o(.ARM.Collect$$libinit$$0000000A)
    __rt_lib_init_lc_collate_1               0x0800016d   Thumb Code     0  libinit2.o(.ARM.Collect$$libinit$$00000011)
    __rt_lib_init_lc_ctype_1                 0x0800016d   Thumb Code     0  libinit2.o(.ARM.Collect$$libinit$$00000013)
    __rt_lib_init_lc_monetary_1              0x0800016d   Thumb Code     0  libinit2.o(.ARM.Collect$$libinit$$00000015)
    __rt_lib_init_lc_numeric_1               0x0800016d   Thumb Code     0  libinit2.o(.ARM.Collect$$libinit$$00000017)
    __rt_lib_init_lc_time_1                  0x0800016d   Thumb Code     0  libinit2.o(.ARM.Collect$$libinit$$00000019)
    __rt_lib_init_preinit_1                  0x0800016d   Thumb Code     0  libinit2.o(.ARM.Collect$$libinit$$00000004)
    __rt_lib_init_rand_1                     0x0800016d   Thumb Code     0  libinit2.o(.ARM.Collect$$libinit$$0000000E)
    __rt_lib_init_return                     0x0800016d   Thumb Code     0  libinit2.o(.ARM.Collect$$libinit$$00000033)
    __rt_lib_init_signal_1                   0x0800016d   Thumb Code     0  libinit2.o(.ARM.Collect$$libinit$$0000001D)
    __rt_lib_init_stdio_1                    0x0800016d   Thumb Code     0  libinit2.o(.ARM.Collect$$libinit$$00000025)
    __rt_lib_init_user_alloc_1               0x0800016d   Thumb Code     0  libinit2.o(.ARM.Collect$$libinit$$0000000C)
    __rt_lib_shutdown                        0x0800016f   Thumb Code     0  libshutdown.o(.ARM.Collect$$libshutdown$$00000000)
    __rt_lib_shutdown_cpp_1                  0x08000171   Thumb Code     0  libshutdown2.o(.ARM.Collect$$libshutdown$$00000002)
    __rt_lib_shutdown_fp_trap_1              0x08000171   Thumb Code     0  libshutdown2.o(.ARM.Collect$$libshutdown$$00000007)
    __rt_lib_shutdown_heap_1                 0x08000171   Thumb Code     0  libshutdown2.o(.ARM.Collect$$libshutdown$$0000000F)
    __rt_lib_shutdown_return                 0x08000171   Thumb Code     0  libshutdown2.o(.ARM.Collect$$libshutdown$$00000010)
    __rt_lib_shutdown_signal_1               0x08000171   Thumb Code     0  libshutdown2.o(.ARM.Collect$$libshutdown$$0000000A)
    __rt_lib_shutdown_stdio_1                0x08000171   Thumb Code     0  libshutdown2.o(.ARM.Collect$$libshutdown$$00000004)
    __rt_lib_shutdown_user_alloc_1           0x08000171   Thumb Code     0  libshutdown2.o(.ARM.Collect$$libshutdown$$0000000C)
    __rt_entry                               0x08000173   Thumb Code     0  __rtentry.o(.ARM.Collect$$rtentry$$00000000)
    __rt_entry_presh_1                       0x08000173   Thumb Code     0  __rtentry2.o(.ARM.Collect$$rtentry$$00000002)
    __rt_entry_sh                            0x08000173   Thumb Code     0  __rtentry4.o(.ARM.Collect$$rtentry$$00000004)
    __rt_entry_li                            0x08000179   Thumb Code     0  __rtentry2.o(.ARM.Collect$$rtentry$$0000000A)
    __rt_entry_postsh_1                      0x08000179   Thumb Code     0  __rtentry2.o(.ARM.Collect$$rtentry$$00000009)
    __rt_entry_main                          0x0800017d   Thumb Code     0  __rtentry2.o(.ARM.Collect$$rtentry$$0000000D)
    __rt_entry_postli_1                      0x0800017d   Thumb Code     0  __rtentry2.o(.ARM.Collect$$rtentry$$0000000C)
    __rt_exit                                0x08000185   Thumb Code     0  rtexit.o(.ARM.Collect$$rtexit$$00000000)
    __rt_exit_ls                             0x08000187   Thumb Code     0  rtexit2.o(.ARM.Collect$$rtexit$$00000003)
    __rt_exit_prels_1                        0x08000187   Thumb Code     0  rtexit2.o(.ARM.Collect$$rtexit$$00000002)
    __rt_exit_exit                           0x0800018b   Thumb Code     0  rtexit2.o(.ARM.Collect$$rtexit$$00000004)
    Reset_Handler                            0x08000191   Thumb Code     8  startup_stm32f10x_md.o(.text)
    ADC1_2_IRQHandler                        0x080001ab   Thumb Code     0  startup_stm32f10x_md.o(.text)
    CAN1_RX1_IRQHandler                      0x080001ab   Thumb Code     0  startup_stm32f10x_md.o(.text)
    CAN1_SCE_IRQHandler                      0x080001ab   Thumb Code     0  startup_stm32f10x_md.o(.text)
    DMA1_Channel1_IRQHandler                 0x080001ab   Thumb Code     0  startup_stm32f10x_md.o(.text)
    DMA1_Channel2_IRQHandler                 0x080001ab   Thumb Code     0  startup_stm32f10x_md.o(.text)
    DMA1_Channel3_IRQHandler                 0x080001ab   Thumb Code     0  startup_stm32f10x_md.o(.text)
    DMA1_Channel4_IRQHandler                 0x080001ab   Thumb Code     0  startup_stm32f10x_md.o(.text)
    DMA1_Channel5_IRQHandler                 0x080001ab   Thumb Code     0  startup_stm32f10x_md.o(.text)
    DMA1_Channel6_IRQHandler                 0x080001ab   Thumb Code     0  startup_stm32f10x_md.o(.text)
    DMA1_Channel7_IRQHandler                 0x080001ab   Thumb Code     0  startup_stm32f10x_md.o(.text)
    EXTI0_IRQHandler                         0x080001ab   Thumb Code     0  startup_stm32f10x_md.o(.text)
    EXTI15_10_IRQHandler                     0x080001ab   Thumb Code     0  startup_stm32f10x_md.o(.text)
    EXTI1_IRQHandler                         0x080001ab   Thumb Code     0  startup_stm32f10x_md.o(.text)
    EXTI2_IRQHandler                         0x080001ab   Thumb Code     0  startup_stm32f10x_md.o(.text)
    EXTI3_IRQHandler                         0x080001ab   Thumb Code     0  startup_stm32f10x_md.o(.text)
    EXTI4_IRQHandler                         0x080001ab   Thumb Code     0  startup_stm32f10x_md.o(.text)
    EXTI9_5_IRQHandler                       0x080001ab   Thumb Code     0  startup_stm32f10x_md.o(.text)
    FLASH_IRQHandler                         0x080001ab   Thumb Code     0  startup_stm32f10x_md.o(.text)
    I2C1_ER_IRQHandler                       0x080001ab   Thumb Code     0  startup_stm32f10x_md.o(.text)
    I2C1_EV_IRQHandler                       0x080001ab   Thumb Code     0  startup_stm32f10x_md.o(.text)
    I2C2_ER_IRQHandler                       0x080001ab   Thumb Code     0  startup_stm32f10x_md.o(.text)
    I2C2_EV_IRQHandler                       0x080001ab   Thumb Code     0  startup_stm32f10x_md.o(.text)
    PVD_IRQHandler                           0x080001ab   Thumb Code     0  startup_stm32f10x_md.o(.text)
    RCC_IRQHandler                           0x080001ab   Thumb Code     0  startup_stm32f10x_md.o(.text)
    RTCAlarm_IRQHandler                      0x080001ab   Thumb Code     0  startup_stm32f10x_md.o(.text)
    RTC_IRQHandler                           0x080001ab   Thumb Code     0  startup_stm32f10x_md.o(.text)
    SPI1_IRQHandler                          0x080001ab   Thumb Code     0  startup_stm32f10x_md.o(.text)
    SPI2_IRQHandler                          0x080001ab   Thumb Code     0  startup_stm32f10x_md.o(.text)
    TAMPER_IRQHandler                        0x080001ab   Thumb Code     0  startup_stm32f10x_md.o(.text)
    TIM1_BRK_IRQHandler                      0x080001ab   Thumb Code     0  startup_stm32f10x_md.o(.text)
    TIM1_CC_IRQHandler                       0x080001ab   Thumb Code     0  startup_stm32f10x_md.o(.text)
    TIM1_TRG_COM_IRQHandler                  0x080001ab   Thumb Code     0  startup_stm32f10x_md.o(.text)
    TIM2_IRQHandler                          0x080001ab   Thumb Code     0  startup_stm32f10x_md.o(.text)
    TIM4_IRQHandler                          0x080001ab   Thumb Code     0  startup_stm32f10x_md.o(.text)
    USART3_IRQHandler                        0x080001ab   Thumb Code     0  startup_stm32f10x_md.o(.text)
    USBWakeUp_IRQHandler                     0x080001ab   Thumb Code     0  startup_stm32f10x_md.o(.text)
    USB_HP_CAN1_TX_IRQHandler                0x080001ab   Thumb Code     0  startup_stm32f10x_md.o(.text)
    USB_LP_CAN1_RX0_IRQHandler               0x080001ab   Thumb Code     0  startup_stm32f10x_md.o(.text)
    WWDG_IRQHandler                          0x080001ab   Thumb Code     0  startup_stm32f10x_md.o(.text)
    __user_initial_stackheap                 0x080001ad   Thumb Code     0  startup_stm32f10x_md.o(.text)
    __use_no_semihosting                     0x080001d1   Thumb Code     2  use_no_semi_2.o(.text)
    __2printf                                0x080001d5   Thumb Code    20  __2printf.o(.text)
    _printf_longlong_hex                     0x080001ed   Thumb Code    86  _printf_hex_int_ll_ptr.o(.text)
    _printf_int_hex                          0x08000243   Thumb Code    28  _printf_hex_int_ll_ptr.o(.text)
    _printf_ll_hex                           0x0800025f   Thumb Code    12  _printf_hex_int_ll_ptr.o(.text)
    _printf_hex_ptr                          0x0800026b   Thumb Code    18  _printf_hex_int_ll_ptr.o(.text)
    __printf                                 0x08000281   Thumb Code   388  __printf_flags_ss_wp.o(.text)
    __use_two_region_memory                  0x08000409   Thumb Code     2  heapauxi.o(.text)
    __rt_heap_escrow$2region                 0x0800040b   Thumb Code     2  heapauxi.o(.text)
    __rt_heap_expand$2region                 0x0800040d   Thumb Code     2  heapauxi.o(.text)
    __I$use$semihosting                      0x0800040f   Thumb Code     0  use_no_semi.o(.text)
    __use_no_semihosting_swi                 0x0800040f   Thumb Code     2  use_no_semi.o(.text)
    __read_errno                             0x08000411   Thumb Code    10  _rserrno.o(.text)
    __set_errno                              0x0800041b   Thumb Code    12  _rserrno.o(.text)
    _printf_int_common                       0x08000427   Thumb Code   178  _printf_intcommon.o(.text)
    _printf_char_common                      0x080004e3   Thumb Code    32  _printf_char_common.o(.text)
    _printf_char_file                        0x08000509   Thumb Code    32  _printf_char_file.o(.text)
    __aeabi_errno_addr                       0x0800052d   Thumb Code     8  rt_errno_addr_intlibspace.o(.text)
    __errno$intlibspace                      0x0800052d   Thumb Code     0  rt_errno_addr_intlibspace.o(.text)
    __rt_errno_addr$intlibspace              0x0800052d   Thumb Code     0  rt_errno_addr_intlibspace.o(.text)
    ferror                                   0x08000535   Thumb Code     8  ferror.o(.text)
    __user_libspace                          0x0800053d   Thumb Code     8  libspace.o(.text)
    __user_perproc_libspace                  0x0800053d   Thumb Code     0  libspace.o(.text)
    __user_perthread_libspace                0x0800053d   Thumb Code     0  libspace.o(.text)
    __user_setup_stackheap                   0x08000545   Thumb Code    74  sys_stackheap_outer.o(.text)
    exit                                     0x0800058f   Thumb Code    18  exit.o(.text)
    BusFault_Handler                         0x080005a1   Thumb Code     4  stm32f10x_it.o(i.BusFault_Handler)
    DebugMon_Handler                         0x080005a5   Thumb Code     2  stm32f10x_it.o(i.DebugMon_Handler)
    GPIO_Init                                0x080005a7   Thumb Code   278  stm32f10x_gpio.o(i.GPIO_Init)
    HardFault_Handler                        0x080006bd   Thumb Code     4  stm32f10x_it.o(i.HardFault_Handler)
    MemManage_Handler                        0x080006c1   Thumb Code     4  stm32f10x_it.o(i.MemManage_Handler)
    Mode_Base_1                              0x080006c5   Thumb Code    10  control.o(i.Mode_Base_1)
    Mode_Base_2                              0x080006d1   Thumb Code    78  control.o(i.Mode_Base_2)
    Mode_Base_3                              0x08000729   Thumb Code   172  control.o(i.Mode_Base_3)
    Mode_Base_4                              0x080007dd   Thumb Code    96  control.o(i.Mode_Base_4)
    Mode_Draw_Square                         0x08000845   Thumb Code   492  control.o(i.Mode_Draw_Square)
    Mode_Go_Num                              0x08000a6d   Thumb Code   176  control.o(i.Mode_Go_Num)
    Mode_Init                                0x08000b45   Thumb Code    12  control.o(i.Mode_Init)
    Mode_Plus_1                              0x08000b59   Thumb Code   158  control.o(i.Mode_Plus_1)
    Mode_Stop                                0x08000c01   Thumb Code    18  control.o(i.Mode_Stop)
    NMI_Handler                              0x08000c19   Thumb Code     2  stm32f10x_it.o(i.NMI_Handler)
    NVIC_Init                                0x08000c1d   Thumb Code   100  misc.o(i.NVIC_Init)
    NVIC_PriorityGroupConfig                 0x08000c8d   Thumb Code    10  misc.o(i.NVIC_PriorityGroupConfig)
    PID_Limit                                0x08000ca1   Thumb Code    74  control.o(i.PID_Limit)
    PID_Side_X                               0x08000cf1   Thumb Code   184  pid.o(i.PID_Side_X)
    PID_Side_Y                               0x08000dd1   Thumb Code   184  pid.o(i.PID_Side_Y)
    PID_Speed_X                              0x08000eb1   Thumb Code   200  pid.o(i.PID_Speed_X)
    PID_Speed_Y                              0x08000fa5   Thumb Code   200  pid.o(i.PID_Speed_Y)
    PendSV_Handler                           0x08001099   Thumb Code     2  stm32f10x_it.o(i.PendSV_Handler)
    RCC_APB1PeriphClockCmd                   0x0800109d   Thumb Code    26  stm32f10x_rcc.o(i.RCC_APB1PeriphClockCmd)
    RCC_APB2PeriphClockCmd                   0x080010bd   Thumb Code    26  stm32f10x_rcc.o(i.RCC_APB2PeriphClockCmd)
    RCC_GetClocksFreq                        0x080010dd   Thumb Code   192  stm32f10x_rcc.o(i.RCC_GetClocksFreq)
    SVC_Handler                              0x080011b1   Thumb Code     2  stm32f10x_it.o(i.SVC_Handler)
    Set_PWM                                  0x0800129d   Thumb Code    18  servo.o(i.Set_PWM)
    SysTick_CLKSourceConfig                  0x080012b5   Thumb Code    40  misc.o(i.SysTick_CLKSourceConfig)
    SysTick_Handler                          0x080012dd   Thumb Code     2  stm32f10x_it.o(i.SysTick_Handler)
    SystemInit                               0x080012e1   Thumb Code    78  system_stm32f10x.o(i.SystemInit)
    TIM1_Init                                0x08001341   Thumb Code    88  timer.o(i.TIM1_Init)
    TIM1_UP_IRQHandler                       0x0800139d   Thumb Code   232  control.o(i.TIM1_UP_IRQHandler)
    TIM3_IRQHandler                          0x0800148d   Thumb Code    22  timer3.o(i.TIM3_IRQHandler)
    TIM3_PWM_Init                            0x080014a9   Thumb Code   146  servo.o(i.TIM3_PWM_Init)
    TIM_ClearITPendingBit                    0x08001545   Thumb Code     6  stm32f10x_tim.o(i.TIM_ClearITPendingBit)
    TIM_Cmd                                  0x0800154b   Thumb Code    24  stm32f10x_tim.o(i.TIM_Cmd)
    TIM_GetITStatus                          0x08001563   Thumb Code    34  stm32f10x_tim.o(i.TIM_GetITStatus)
    TIM_ITConfig                             0x08001585   Thumb Code    18  stm32f10x_tim.o(i.TIM_ITConfig)
    TIM_OC1Init                              0x08001599   Thumb Code   132  stm32f10x_tim.o(i.TIM_OC1Init)
    TIM_OC1PreloadConfig                     0x08001631   Thumb Code    18  stm32f10x_tim.o(i.TIM_OC1PreloadConfig)
    TIM_OC2Init                              0x08001645   Thumb Code   154  stm32f10x_tim.o(i.TIM_OC2Init)
    TIM_OC2PreloadConfig                     0x080016e9   Thumb Code    26  stm32f10x_tim.o(i.TIM_OC2PreloadConfig)
    TIM_TimeBaseInit                         0x08001705   Thumb Code   122  stm32f10x_tim.o(i.TIM_TimeBaseInit)
    USART1_IRQHandler                        0x080017a9   Thumb Code   118  usart.o(i.USART1_IRQHandler)
    USART2_IRQHandler                        0x0800183d   Thumb Code   122  usart2.o(i.USART2_IRQHandler)
    USART_Cmd                                0x080018d1   Thumb Code    24  stm32f10x_usart.o(i.USART_Cmd)
    USART_GetITStatus                        0x080018e9   Thumb Code    84  stm32f10x_usart.o(i.USART_GetITStatus)
    USART_ITConfig                           0x0800193d   Thumb Code    74  stm32f10x_usart.o(i.USART_ITConfig)
    USART_Init                               0x08001989   Thumb Code   210  stm32f10x_usart.o(i.USART_Init)
    UsageFault_Handler                       0x08001a61   Thumb Code     4  stm32f10x_it.o(i.UsageFault_Handler)
    _is_digit                                0x08001a65   Thumb Code    14  __printf_wp.o(i._is_digit)
    _sys_exit                                0x08001a73   Thumb Code     6  usart.o(i._sys_exit)
    delay_init                               0x08001a79   Thumb Code    50  delay.o(i.delay_init)
    fputc                                    0x08001abd   Thumb Code    24  usart.o(i.fputc)
    main                                     0x08001ad9   Thumb Code   366  main.o(i.main)
    sqrt                                     0x08001c7d   Thumb Code    76  sqrt.o(i.sqrt)
    uart2_init                               0x08001cc9   Thumb Code   152  usart2.o(i.uart2_init)
    uart_init                                0x08001d69   Thumb Code   152  usart.o(i.uart_init)
    __aeabi_dadd                             0x08001e09   Thumb Code     0  daddsub_clz.o(x$fpl$dadd)
    _dadd                                    0x08001e09   Thumb Code   332  daddsub_clz.o(x$fpl$dadd)
    __aeabi_d2iz                             0x08001f59   Thumb Code     0  dfix.o(x$fpl$dfix)
    _dfix                                    0x08001f59   Thumb Code    94  dfix.o(x$fpl$dfix)
    __aeabi_i2d                              0x08001fb7   Thumb Code     0  dflt_clz.o(x$fpl$dflt)
    _dflt                                    0x08001fb7   Thumb Code    46  dflt_clz.o(x$fpl$dflt)
    __aeabi_ui2d                             0x08001fe5   Thumb Code     0  dflt_clz.o(x$fpl$dfltu)
    _dfltu                                   0x08001fe5   Thumb Code    38  dflt_clz.o(x$fpl$dfltu)
    __fpl_dnaninf                            0x0800200b   Thumb Code   156  dnaninf.o(x$fpl$dnaninf)
    __fpl_dretinf                            0x080020a7   Thumb Code    12  dretinf.o(x$fpl$dretinf)
    _dsqrt                                   0x080020b5   Thumb Code   456  dsqrt_noumaal.o(x$fpl$dsqrt)
    __aeabi_dsub                             0x08002281   Thumb Code     0  daddsub_clz.o(x$fpl$dsub)
    _dsub                                    0x08002281   Thumb Code   464  daddsub_clz.o(x$fpl$dsub)
    __aeabi_fadd                             0x08002455   Thumb Code     0  faddsub_clz.o(x$fpl$fadd)
    _fadd                                    0x08002455   Thumb Code   196  faddsub_clz.o(x$fpl$fadd)
    __fpl_fcmp_Inf                           0x08002519   Thumb Code    24  fcmpi.o(x$fpl$fcmpinf)
    __aeabi_fdiv                             0x08002531   Thumb Code     0  fdiv.o(x$fpl$fdiv)
    _fdiv                                    0x08002531   Thumb Code   384  fdiv.o(x$fpl$fdiv)
    __aeabi_f2iz                             0x080026b5   Thumb Code     0  ffix.o(x$fpl$ffix)
    _ffix                                    0x080026b5   Thumb Code    54  ffix.o(x$fpl$ffix)
    __aeabi_i2f                              0x080026ed   Thumb Code     0  fflt_clz.o(x$fpl$fflt)
    _fflt                                    0x080026ed   Thumb Code    48  fflt_clz.o(x$fpl$fflt)
    __aeabi_ui2f                             0x0800271d   Thumb Code     0  fflt_clz.o(x$fpl$ffltu)
    _ffltu                                   0x0800271d   Thumb Code    38  fflt_clz.o(x$fpl$ffltu)
    __aeabi_cfcmple                          0x08002745   Thumb Code     0  fleqf.o(x$fpl$fleqf)
    _fcmple                                  0x08002745   Thumb Code   104  fleqf.o(x$fpl$fleqf)
    __fpl_fcmple_InfNaN                      0x08002797   Thumb Code     0  fleqf.o(x$fpl$fleqf)
    __aeabi_fmul                             0x080027ad   Thumb Code     0  fmul.o(x$fpl$fmul)
    _fmul                                    0x080027ad   Thumb Code   258  fmul.o(x$fpl$fmul)
    __fpl_fnaninf                            0x080028af   Thumb Code   140  fnaninf.o(x$fpl$fnaninf)
    __fpl_fretinf                            0x0800293b   Thumb Code    10  fretinf.o(x$fpl$fretinf)
    __aeabi_cfrcmple                         0x08002945   Thumb Code     0  frleqf.o(x$fpl$frleqf)
    _frcmple                                 0x08002945   Thumb Code    98  frleqf.o(x$fpl$frleqf)
    __aeabi_frsub                            0x080029a7   Thumb Code     0  faddsub_clz.o(x$fpl$frsb)
    _frsb                                    0x080029a7   Thumb Code    20  faddsub_clz.o(x$fpl$frsb)
    __aeabi_fsub                             0x080029bd   Thumb Code     0  faddsub_clz.o(x$fpl$fsub)
    _fsub                                    0x080029bd   Thumb Code   234  faddsub_clz.o(x$fpl$fsub)
    __I$use$fp                               0x08002aa6   Number         0  usenofp.o(x$fpl$usenofp)
    Region$$Table$$Base                      0x08002ae0   Number         0  anon$$obj.o(Region$$Table)
    Region$$Table$$Limit                     0x08002b00   Number         0  anon$$obj.o(Region$$Table)
    __stdout                                 0x20000004   Data           4  usart.o(.data)
    USART_RX_STA                             0x20000008   Data           2  usart.o(.data)
    IS_USART1_RX_HEAD                        0x2000000a   Data           1  usart.o(.data)
    USART1_RX_BUF                            0x2000000b   Data           4  usart.o(.data)
    IS_USART1_RX_Success                     0x2000000f   Data           1  usart.o(.data)
    USART2_RX_STA                            0x20000014   Data           2  usart2.o(.data)
    IS_USART2_RX_HEAD                        0x20000016   Data           1  usart2.o(.data)
    SystemCoreClock                          0x2000001c   Data           4  system_stm32f10x.o(.data)
    AHBPrescTable                            0x20000020   Data          16  system_stm32f10x.o(.data)
    printf_count                             0x20000030   Data           2  main.o(.data)
    printf_count_temp                        0x20000032   Data           2  main.o(.data)
    USART1_RX_DATA                           0x20000034   Data           4  main.o(.data)
    count_flag                               0x20000038   Data           4  main.o(.data)
    u1_action_mode                           0x2000003c   Data           1  main.o(.data)
    Point                                    0x20000040   Data          20  control.o(.data)
    Squre_Point                              0x20000054   Data          18  control.o(.data)
    max_target_PID                           0x20000066   Data           1  control.o(.data)
    speed_max                                0x20000067   Data           1  control.o(.data)
    Position_X                               0x20000068   Data           1  control.o(.data)
    Position_Y                               0x20000069   Data           1  control.o(.data)
    Last_X_target_PID                        0x2000006c   Data           4  control.o(.data)
    Last_Y_target_PID                        0x20000070   Data           4  control.o(.data)
    X_target_PID                             0x20000074   Data           4  control.o(.data)
    Y_target_PID                             0x20000078   Data           4  control.o(.data)
    target_point_X                           0x2000007c   Data           1  control.o(.data)
    target_point_Y                           0x2000007d   Data           1  control.o(.data)
    square_r                                 0x20000080   Data           4  control.o(.data)
    square_current_x                         0x20000084   Data           4  control.o(.data)
    square_current_y                         0x20000088   Data           4  control.o(.data)
    count                                    0x2000008c   Data           2  control.o(.data)
    count_spacing                            0x2000008e   Data           2  control.o(.data)
    init_count                               0x20000090   Data           2  control.o(.data)
    step                                     0x20000092   Data           2  control.o(.data)
    USART2_RX_DATA                           0x20000094   Data           2  control.o(.data)
    Action_Mode                              0x20000096   Data           1  control.o(.data)
    x_side_Kp                                0x20000098   Data           4  pid.o(.data)
    x_side_Ki                                0x2000009c   Data           4  pid.o(.data)
    x_side_Kd                                0x200000a0   Data           4  pid.o(.data)
    y_side_Kp                                0x200000a4   Data           4  pid.o(.data)
    y_side_Ki                                0x200000a8   Data           4  pid.o(.data)
    y_side_Kd                                0x200000ac   Data           4  pid.o(.data)
    x_speed_Kp                               0x200000b0   Data           4  pid.o(.data)
    x_speed_Ki                               0x200000b4   Data           4  pid.o(.data)
    x_speed_Kd                               0x200000b8   Data           4  pid.o(.data)
    y_speed_Kp                               0x200000bc   Data           4  pid.o(.data)
    y_speed_Ki                               0x200000c0   Data           4  pid.o(.data)
    y_speed_Kd                               0x200000c4   Data           4  pid.o(.data)
    USART2_RX_BUF                            0x20000114   Data         100  usart2.o(.bss)
    USART2_TX_BUF                            0x20000178   Data         100  usart2.o(.bss)
    __libspace_start                         0x200001dc   Data          96  libspace.o(.bss)
    __temporary_stack_top$libspace           0x2000023c   Data           0  libspace.o(.bss)



==============================================================================

Memory Map of the image

  Image Entry point : 0x080000ed

  Load Region LR_IROM1 (Base: 0x08000000, Size: 0x00002c14, Max: 0x00010000, ABSOLUTE)

    Execution Region ER_IROM1 (Exec base: 0x08000000, Load base: 0x08000000, Size: 0x00002b00, Max: 0x00010000, ABSOLUTE)

    Exec Addr    Load Addr    Size         Type   Attr      Idx    E Section Name        Object

    0x08000000   0x08000000   0x000000ec   Data   RO          548    RESET               startup_stm32f10x_md.o
    0x080000ec   0x080000ec   0x00000008   Code   RO         3688  * !!!main             c_w.l(__main.o)
    0x080000f4   0x080000f4   0x00000034   Code   RO         4029    !!!scatter          c_w.l(__scatter.o)
    0x08000128   0x08000128   0x0000001a   Code   RO         4031    !!handler_copy      c_w.l(__scatter_copy.o)
    0x08000142   0x08000142   0x00000002   PAD
    0x08000144   0x08000144   0x0000001c   Code   RO         4033    !!handler_zi        c_w.l(__scatter_zi.o)
    0x08000160   0x08000160   0x00000000   Code   RO         3683    .ARM.Collect$$_printf_percent$$00000000  c_w.l(_printf_percent.o)
    0x08000160   0x08000160   0x00000006   Code   RO         3681    .ARM.Collect$$_printf_percent$$0000000C  c_w.l(_printf_x.o)
    0x08000166   0x08000166   0x00000004   Code   RO         3783    .ARM.Collect$$_printf_percent$$00000017  c_w.l(_printf_percent_end.o)
    0x0800016a   0x0800016a   0x00000002   Code   RO         3897    .ARM.Collect$$libinit$$00000000  c_w.l(libinit.o)
    0x0800016c   0x0800016c   0x00000000   Code   RO         3910    .ARM.Collect$$libinit$$00000002  c_w.l(libinit2.o)
    0x0800016c   0x0800016c   0x00000000   Code   RO         3912    .ARM.Collect$$libinit$$00000004  c_w.l(libinit2.o)
    0x0800016c   0x0800016c   0x00000000   Code   RO         3915    .ARM.Collect$$libinit$$0000000A  c_w.l(libinit2.o)
    0x0800016c   0x0800016c   0x00000000   Code   RO         3917    .ARM.Collect$$libinit$$0000000C  c_w.l(libinit2.o)
    0x0800016c   0x0800016c   0x00000000   Code   RO         3919    .ARM.Collect$$libinit$$0000000E  c_w.l(libinit2.o)
    0x0800016c   0x0800016c   0x00000000   Code   RO         3922    .ARM.Collect$$libinit$$00000011  c_w.l(libinit2.o)
    0x0800016c   0x0800016c   0x00000000   Code   RO         3924    .ARM.Collect$$libinit$$00000013  c_w.l(libinit2.o)
    0x0800016c   0x0800016c   0x00000000   Code   RO         3926    .ARM.Collect$$libinit$$00000015  c_w.l(libinit2.o)
    0x0800016c   0x0800016c   0x00000000   Code   RO         3928    .ARM.Collect$$libinit$$00000017  c_w.l(libinit2.o)
    0x0800016c   0x0800016c   0x00000000   Code   RO         3930    .ARM.Collect$$libinit$$00000019  c_w.l(libinit2.o)
    0x0800016c   0x0800016c   0x00000000   Code   RO         3932    .ARM.Collect$$libinit$$0000001B  c_w.l(libinit2.o)
    0x0800016c   0x0800016c   0x00000000   Code   RO         3934    .ARM.Collect$$libinit$$0000001D  c_w.l(libinit2.o)
    0x0800016c   0x0800016c   0x00000000   Code   RO         3936    .ARM.Collect$$libinit$$0000001F  c_w.l(libinit2.o)
    0x0800016c   0x0800016c   0x00000000   Code   RO         3938    .ARM.Collect$$libinit$$00000021  c_w.l(libinit2.o)
    0x0800016c   0x0800016c   0x00000000   Code   RO         3940    .ARM.Collect$$libinit$$00000023  c_w.l(libinit2.o)
    0x0800016c   0x0800016c   0x00000000   Code   RO         3942    .ARM.Collect$$libinit$$00000025  c_w.l(libinit2.o)
    0x0800016c   0x0800016c   0x00000000   Code   RO         3946    .ARM.Collect$$libinit$$0000002C  c_w.l(libinit2.o)
    0x0800016c   0x0800016c   0x00000000   Code   RO         3948    .ARM.Collect$$libinit$$0000002E  c_w.l(libinit2.o)
    0x0800016c   0x0800016c   0x00000000   Code   RO         3950    .ARM.Collect$$libinit$$00000030  c_w.l(libinit2.o)
    0x0800016c   0x0800016c   0x00000000   Code   RO         3952    .ARM.Collect$$libinit$$00000032  c_w.l(libinit2.o)
    0x0800016c   0x0800016c   0x00000002   Code   RO         3953    .ARM.Collect$$libinit$$00000033  c_w.l(libinit2.o)
    0x0800016e   0x0800016e   0x00000002   Code   RO         3971    .ARM.Collect$$libshutdown$$00000000  c_w.l(libshutdown.o)
    0x08000170   0x08000170   0x00000000   Code   RO         3981    .ARM.Collect$$libshutdown$$00000002  c_w.l(libshutdown2.o)
    0x08000170   0x08000170   0x00000000   Code   RO         3983    .ARM.Collect$$libshutdown$$00000004  c_w.l(libshutdown2.o)
    0x08000170   0x08000170   0x00000000   Code   RO         3986    .ARM.Collect$$libshutdown$$00000007  c_w.l(libshutdown2.o)
    0x08000170   0x08000170   0x00000000   Code   RO         3989    .ARM.Collect$$libshutdown$$0000000A  c_w.l(libshutdown2.o)
    0x08000170   0x08000170   0x00000000   Code   RO         3991    .ARM.Collect$$libshutdown$$0000000C  c_w.l(libshutdown2.o)
    0x08000170   0x08000170   0x00000000   Code   RO         3994    .ARM.Collect$$libshutdown$$0000000F  c_w.l(libshutdown2.o)
    0x08000170   0x08000170   0x00000002   Code   RO         3995    .ARM.Collect$$libshutdown$$00000010  c_w.l(libshutdown2.o)
    0x08000172   0x08000172   0x00000000   Code   RO         3742    .ARM.Collect$$rtentry$$00000000  c_w.l(__rtentry.o)
    0x08000172   0x08000172   0x00000000   Code   RO         3811    .ARM.Collect$$rtentry$$00000002  c_w.l(__rtentry2.o)
    0x08000172   0x08000172   0x00000006   Code   RO         3823    .ARM.Collect$$rtentry$$00000004  c_w.l(__rtentry4.o)
    0x08000178   0x08000178   0x00000000   Code   RO         3813    .ARM.Collect$$rtentry$$00000009  c_w.l(__rtentry2.o)
    0x08000178   0x08000178   0x00000004   Code   RO         3814    .ARM.Collect$$rtentry$$0000000A  c_w.l(__rtentry2.o)
    0x0800017c   0x0800017c   0x00000000   Code   RO         3816    .ARM.Collect$$rtentry$$0000000C  c_w.l(__rtentry2.o)
    0x0800017c   0x0800017c   0x00000008   Code   RO         3817    .ARM.Collect$$rtentry$$0000000D  c_w.l(__rtentry2.o)
    0x08000184   0x08000184   0x00000002   Code   RO         3902    .ARM.Collect$$rtexit$$00000000  c_w.l(rtexit.o)
    0x08000186   0x08000186   0x00000000   Code   RO         3955    .ARM.Collect$$rtexit$$00000002  c_w.l(rtexit2.o)
    0x08000186   0x08000186   0x00000004   Code   RO         3956    .ARM.Collect$$rtexit$$00000003  c_w.l(rtexit2.o)
    0x0800018a   0x0800018a   0x00000006   Code   RO         3957    .ARM.Collect$$rtexit$$00000004  c_w.l(rtexit2.o)
    0x08000190   0x08000190   0x00000040   Code   RO          549    .text               startup_stm32f10x_md.o
    0x080001d0   0x080001d0   0x00000002   Code   RO         3628    .text               c_w.l(use_no_semi_2.o)
    0x080001d2   0x080001d2   0x00000002   PAD
    0x080001d4   0x080001d4   0x00000018   Code   RO         3632    .text               c_w.l(__2printf.o)
    0x080001ec   0x080001ec   0x00000094   Code   RO         3658    .text               c_w.l(_printf_hex_int_ll_ptr.o)
    0x08000280   0x08000280   0x00000188   Code   RO         3678    .text               c_w.l(__printf_flags_ss_wp.o)
    0x08000408   0x08000408   0x00000006   Code   RO         3686    .text               c_w.l(heapauxi.o)
    0x0800040e   0x0800040e   0x00000002   Code   RO         3740    .text               c_w.l(use_no_semi.o)
    0x08000410   0x08000410   0x00000016   Code   RO         3743    .text               c_w.l(_rserrno.o)
    0x08000426   0x08000426   0x000000b2   Code   RO         3751    .text               c_w.l(_printf_intcommon.o)
    0x080004d8   0x080004d8   0x00000030   Code   RO         3755    .text               c_w.l(_printf_char_common.o)
    0x08000508   0x08000508   0x00000024   Code   RO         3759    .text               c_w.l(_printf_char_file.o)
    0x0800052c   0x0800052c   0x00000008   Code   RO         3828    .text               c_w.l(rt_errno_addr_intlibspace.o)
    0x08000534   0x08000534   0x00000008   Code   RO         3840    .text               c_w.l(ferror.o)
    0x0800053c   0x0800053c   0x00000008   Code   RO         3848    .text               c_w.l(libspace.o)
    0x08000544   0x08000544   0x0000004a   Code   RO         3851    .text               c_w.l(sys_stackheap_outer.o)
    0x0800058e   0x0800058e   0x00000012   Code   RO         3890    .text               c_w.l(exit.o)
    0x080005a0   0x080005a0   0x00000004   Code   RO         2016    i.BusFault_Handler  stm32f10x_it.o
    0x080005a4   0x080005a4   0x00000002   Code   RO         2017    i.DebugMon_Handler  stm32f10x_it.o
    0x080005a6   0x080005a6   0x00000116   Code   RO         1704    i.GPIO_Init         stm32f10x_gpio.o
    0x080006bc   0x080006bc   0x00000004   Code   RO         2018    i.HardFault_Handler  stm32f10x_it.o
    0x080006c0   0x080006c0   0x00000004   Code   RO         2019    i.MemManage_Handler  stm32f10x_it.o
    0x080006c4   0x080006c4   0x0000000a   Code   RO          422    i.Mode_Base_1       control.o
    0x080006ce   0x080006ce   0x00000002   PAD
    0x080006d0   0x080006d0   0x00000058   Code   RO          423    i.Mode_Base_2       control.o
    0x08000728   0x08000728   0x000000b4   Code   RO          424    i.Mode_Base_3       control.o
    0x080007dc   0x080007dc   0x00000068   Code   RO          425    i.Mode_Base_4       control.o
    0x08000844   0x08000844   0x00000228   Code   RO          426    i.Mode_Draw_Square  control.o
    0x08000a6c   0x08000a6c   0x000000d8   Code   RO          428    i.Mode_Go_Num       control.o
    0x08000b44   0x08000b44   0x00000014   Code   RO          429    i.Mode_Init         control.o
    0x08000b58   0x08000b58   0x000000a8   Code   RO          430    i.Mode_Plus_1       control.o
    0x08000c00   0x08000c00   0x00000018   Code   RO          431    i.Mode_Stop         control.o
    0x08000c18   0x08000c18   0x00000002   Code   RO         2020    i.NMI_Handler       stm32f10x_it.o
    0x08000c1a   0x08000c1a   0x00000002   PAD
    0x08000c1c   0x08000c1c   0x00000070   Code   RO          553    i.NVIC_Init         misc.o
    0x08000c8c   0x08000c8c   0x00000014   Code   RO          554    i.NVIC_PriorityGroupConfig  misc.o
    0x08000ca0   0x08000ca0   0x00000050   Code   RO          432    i.PID_Limit         control.o
    0x08000cf0   0x08000cf0   0x000000e0   Code   RO          510    i.PID_Side_X        pid.o
    0x08000dd0   0x08000dd0   0x000000e0   Code   RO          511    i.PID_Side_Y        pid.o
    0x08000eb0   0x08000eb0   0x000000f4   Code   RO          512    i.PID_Speed_X       pid.o
    0x08000fa4   0x08000fa4   0x000000f4   Code   RO          513    i.PID_Speed_Y       pid.o
    0x08001098   0x08001098   0x00000002   Code   RO         2021    i.PendSV_Handler    stm32f10x_it.o
    0x0800109a   0x0800109a   0x00000002   PAD
    0x0800109c   0x0800109c   0x00000020   Code   RO         2183    i.RCC_APB1PeriphClockCmd  stm32f10x_rcc.o
    0x080010bc   0x080010bc   0x00000020   Code   RO         2185    i.RCC_APB2PeriphClockCmd  stm32f10x_rcc.o
    0x080010dc   0x080010dc   0x000000d4   Code   RO         2193    i.RCC_GetClocksFreq  stm32f10x_rcc.o
    0x080011b0   0x080011b0   0x00000002   Code   RO         2022    i.SVC_Handler       stm32f10x_it.o
    0x080011b2   0x080011b2   0x00000008   Code   RO          347    i.SetSysClock       system_stm32f10x.o
    0x080011ba   0x080011ba   0x00000002   PAD
    0x080011bc   0x080011bc   0x000000e0   Code   RO          348    i.SetSysClockTo72   system_stm32f10x.o
    0x0800129c   0x0800129c   0x00000018   Code   RO         3603    i.Set_PWM           servo.o
    0x080012b4   0x080012b4   0x00000028   Code   RO          557    i.SysTick_CLKSourceConfig  misc.o
    0x080012dc   0x080012dc   0x00000002   Code   RO         2023    i.SysTick_Handler   stm32f10x_it.o
    0x080012de   0x080012de   0x00000002   PAD
    0x080012e0   0x080012e0   0x00000060   Code   RO          350    i.SystemInit        system_stm32f10x.o
    0x08001340   0x08001340   0x0000005c   Code   RO          252    i.TIM1_Init         timer.o
    0x0800139c   0x0800139c   0x000000f0   Code   RO          433    i.TIM1_UP_IRQHandler  control.o
    0x0800148c   0x0800148c   0x0000001c   Code   RO          283    i.TIM3_IRQHandler   timer3.o
    0x080014a8   0x080014a8   0x0000009c   Code   RO         3604    i.TIM3_PWM_Init     servo.o
    0x08001544   0x08001544   0x00000006   Code   RO         2812    i.TIM_ClearITPendingBit  stm32f10x_tim.o
    0x0800154a   0x0800154a   0x00000018   Code   RO         2817    i.TIM_Cmd           stm32f10x_tim.o
    0x08001562   0x08001562   0x00000022   Code   RO         2838    i.TIM_GetITStatus   stm32f10x_tim.o
    0x08001584   0x08001584   0x00000012   Code   RO         2842    i.TIM_ITConfig      stm32f10x_tim.o
    0x08001596   0x08001596   0x00000002   PAD
    0x08001598   0x08001598   0x00000098   Code   RO         2846    i.TIM_OC1Init       stm32f10x_tim.o
    0x08001630   0x08001630   0x00000012   Code   RO         2849    i.TIM_OC1PreloadConfig  stm32f10x_tim.o
    0x08001642   0x08001642   0x00000002   PAD
    0x08001644   0x08001644   0x000000a4   Code   RO         2851    i.TIM_OC2Init       stm32f10x_tim.o
    0x080016e8   0x080016e8   0x0000001a   Code   RO         2854    i.TIM_OC2PreloadConfig  stm32f10x_tim.o
    0x08001702   0x08001702   0x00000002   PAD
    0x08001704   0x08001704   0x000000a4   Code   RO         2888    i.TIM_TimeBaseInit  stm32f10x_tim.o
    0x080017a8   0x080017a8   0x00000094   Code   RO          207    i.USART1_IRQHandler  usart.o
    0x0800183c   0x0800183c   0x00000094   Code   RO          309    i.USART2_IRQHandler  usart2.o
    0x080018d0   0x080018d0   0x00000018   Code   RO         3353    i.USART_Cmd         stm32f10x_usart.o
    0x080018e8   0x080018e8   0x00000054   Code   RO         3357    i.USART_GetITStatus  stm32f10x_usart.o
    0x0800193c   0x0800193c   0x0000004a   Code   RO         3359    i.USART_ITConfig    stm32f10x_usart.o
    0x08001986   0x08001986   0x00000002   PAD
    0x08001988   0x08001988   0x000000d8   Code   RO         3360    i.USART_Init        stm32f10x_usart.o
    0x08001a60   0x08001a60   0x00000004   Code   RO         2024    i.UsageFault_Handler  stm32f10x_it.o
    0x08001a64   0x08001a64   0x0000000e   Code   RO         3671    i._is_digit         c_w.l(__printf_wp.o)
    0x08001a72   0x08001a72   0x00000006   Code   RO          208    i._sys_exit         usart.o
    0x08001a78   0x08001a78   0x00000044   Code   RO           17    i.delay_init        delay.o
    0x08001abc   0x08001abc   0x0000001c   Code   RO          209    i.fputc             usart.o
    0x08001ad8   0x08001ad8   0x000001a4   Code   RO          403    i.main              main.o
    0x08001c7c   0x08001c7c   0x0000004c   Code   RO         3733    i.sqrt              m_ws.l(sqrt.o)
    0x08001cc8   0x08001cc8   0x000000a0   Code   RO          311    i.uart2_init        usart2.o
    0x08001d68   0x08001d68   0x000000a0   Code   RO          210    i.uart_init         usart.o
    0x08001e08   0x08001e08   0x00000150   Code   RO         3690    x$fpl$dadd          fz_ws.l(daddsub_clz.o)
    0x08001f58   0x08001f58   0x0000005e   Code   RO         3696    x$fpl$dfix          fz_ws.l(dfix.o)
    0x08001fb6   0x08001fb6   0x0000002e   Code   RO         3701    x$fpl$dflt          fz_ws.l(dflt_clz.o)
    0x08001fe4   0x08001fe4   0x00000026   Code   RO         3700    x$fpl$dfltu         fz_ws.l(dflt_clz.o)
    0x0800200a   0x0800200a   0x0000009c   Code   RO         3795    x$fpl$dnaninf       fz_ws.l(dnaninf.o)
    0x080020a6   0x080020a6   0x0000000c   Code   RO         3797    x$fpl$dretinf       fz_ws.l(dretinf.o)
    0x080020b2   0x080020b2   0x00000002   PAD
    0x080020b4   0x080020b4   0x000001cc   Code   RO         3799    x$fpl$dsqrt         fz_ws.l(dsqrt_noumaal.o)
    0x08002280   0x08002280   0x000001d4   Code   RO         3692    x$fpl$dsub          fz_ws.l(daddsub_clz.o)
    0x08002454   0x08002454   0x000000c4   Code   RO         3706    x$fpl$fadd          fz_ws.l(faddsub_clz.o)
    0x08002518   0x08002518   0x00000018   Code   RO         3801    x$fpl$fcmpinf       fz_ws.l(fcmpi.o)
    0x08002530   0x08002530   0x00000184   Code   RO         3713    x$fpl$fdiv          fz_ws.l(fdiv.o)
    0x080026b4   0x080026b4   0x00000036   Code   RO         3716    x$fpl$ffix          fz_ws.l(ffix.o)
    0x080026ea   0x080026ea   0x00000002   PAD
    0x080026ec   0x080026ec   0x00000030   Code   RO         3721    x$fpl$fflt          fz_ws.l(fflt_clz.o)
    0x0800271c   0x0800271c   0x00000026   Code   RO         3720    x$fpl$ffltu         fz_ws.l(fflt_clz.o)
    0x08002742   0x08002742   0x00000002   PAD
    0x08002744   0x08002744   0x00000068   Code   RO         3726    x$fpl$fleqf         fz_ws.l(fleqf.o)
    0x080027ac   0x080027ac   0x00000102   Code   RO         3728    x$fpl$fmul          fz_ws.l(fmul.o)
    0x080028ae   0x080028ae   0x0000008c   Code   RO         3803    x$fpl$fnaninf       fz_ws.l(fnaninf.o)
    0x0800293a   0x0800293a   0x0000000a   Code   RO         3805    x$fpl$fretinf       fz_ws.l(fretinf.o)
    0x08002944   0x08002944   0x00000062   Code   RO         3730    x$fpl$frleqf        fz_ws.l(frleqf.o)
    0x080029a6   0x080029a6   0x00000014   Code   RO         3707    x$fpl$frsb          fz_ws.l(faddsub_clz.o)
    0x080029ba   0x080029ba   0x00000002   PAD
    0x080029bc   0x080029bc   0x000000ea   Code   RO         3708    x$fpl$fsub          fz_ws.l(faddsub_clz.o)
    0x08002aa6   0x08002aa6   0x00000000   Code   RO         3809    x$fpl$usenofp       fz_ws.l(usenofp.o)
    0x08002aa6   0x08002aa6   0x00000028   Data   RO         3659    .constdata          c_w.l(_printf_hex_int_ll_ptr.o)
    0x08002ace   0x08002ace   0x00000011   Data   RO         3679    .constdata          c_w.l(__printf_flags_ss_wp.o)
    0x08002adf   0x08002adf   0x00000001   PAD
    0x08002ae0   0x08002ae0   0x00000020   Data   RO         4027    Region$$Table       anon$$obj.o


    Execution Region RW_IRAM1 (Exec base: 0x20000000, Load base: 0x08002b00, Size: 0x00000840, Max: 0x00005000, ABSOLUTE)

    Exec Addr    Load Addr    Size         Type   Attr      Idx    E Section Name        Object

    0x20000000   0x08002b00   0x00000004   Data   RW           20    .data               delay.o
    0x20000004   0x08002b04   0x0000000f   Data   RW          212    .data               usart.o
    0x20000013   0x08002b13   0x00000001   PAD
    0x20000014   0x08002b14   0x00000006   Data   RW          313    .data               usart2.o
    0x2000001a   0x08002b1a   0x00000002   PAD
    0x2000001c   0x08002b1c   0x00000014   Data   RW          351    .data               system_stm32f10x.o
    0x20000030   0x08002b30   0x0000000d   Data   RW          404    .data               main.o
    0x2000003d   0x08002b3d   0x00000003   PAD
    0x20000040   0x08002b40   0x00000057   Data   RW          434    .data               control.o
    0x20000097   0x08002b97   0x00000001   PAD
    0x20000098   0x08002b98   0x00000068   Data   RW          514    .data               pid.o
    0x20000100   0x08002c00   0x00000014   Data   RW         2213    .data               stm32f10x_rcc.o
    0x20000114        -       0x000000c8   Zero   RW          312    .bss                usart2.o
    0x200001dc        -       0x00000060   Zero   RW         3849    .bss                c_w.l(libspace.o)
    0x2000023c   0x08002c14   0x00000004   PAD
    0x20000240        -       0x00000200   Zero   RW          547    HEAP                startup_stm32f10x_md.o
    0x20000440        -       0x00000400   Zero   RW          546    STACK               startup_stm32f10x_md.o


==============================================================================

Image component sizes


      Code (inc. data)   RO Data    RW Data    ZI Data      Debug   Object Name

      1682        164          0         87          0       6609   control.o
         0          0          0          0          0       4532   core_cm3.o
        68         18          0          4          0     247825   delay.o
       420         70          0         13          0       1345   main.o
       172         22          0          0          0       1869   misc.o
       936        168          0        104          0       3274   pid.o
       180         16          0          0          0       1178   servo.o
        64         26        236          0       1536        772   startup_stm32f10x_md.o
       278          0          0          0          0       1860   stm32f10x_gpio.o
        26          0          0          0          0       3722   stm32f10x_it.o
       276         32          0         20          0       4222   stm32f10x_rcc.o
       606         72          0          0          0       5720   stm32f10x_tim.o
       398          6          0          0          0       4210   stm32f10x_usart.o
       328         28          0         20          0       1957   system_stm32f10x.o
        92          4          0          0          0        632   timer.o
        28          6          0          0          0        442   timer3.o
       342         42          0         15          0       4257   usart.o
       308         34          0          6        200       1999   usart2.o

    ----------------------------------------------------------------------
      6222        708        268        276       1736     296425   Object Totals
         0          0         32          0          0          0   (incl. Generated)
        18          0          0          7          0          0   (incl. Padding)

    ----------------------------------------------------------------------

      Code (inc. data)   RO Data    RW Data    ZI Data      Debug   Library Member Name

        24          4          0          0          0         84   __2printf.o
         8          0          0          0          0         68   __main.o
       392          4         17          0          0         92   __printf_flags_ss_wp.o
        14          0          0          0          0         68   __printf_wp.o
         0          0          0          0          0          0   __rtentry.o
        12          0          0          0          0          0   __rtentry2.o
         6          0          0          0          0          0   __rtentry4.o
        52          8          0          0          0          0   __scatter.o
        26          0          0          0          0          0   __scatter_copy.o
        28          0          0          0          0          0   __scatter_zi.o
        48          6          0          0          0         96   _printf_char_common.o
        36          4          0          0          0         80   _printf_char_file.o
       148          4         40          0          0        160   _printf_hex_int_ll_ptr.o
       178          0          0          0          0         88   _printf_intcommon.o
         0          0          0          0          0          0   _printf_percent.o
         4          0          0          0          0          0   _printf_percent_end.o
         6          0          0          0          0          0   _printf_x.o
        22          0          0          0          0        100   _rserrno.o
        18          0          0          0          0         80   exit.o
         8          0          0          0          0         68   ferror.o
         6          0          0          0          0        152   heapauxi.o
         2          0          0          0          0          0   libinit.o
         2          0          0          0          0          0   libinit2.o
         2          0          0          0          0          0   libshutdown.o
         2          0          0          0          0          0   libshutdown2.o
         8          4          0          0         96         68   libspace.o
         8          4          0          0          0         68   rt_errno_addr_intlibspace.o
         2          0          0          0          0          0   rtexit.o
        10          0          0          0          0          0   rtexit2.o
        74          0          0          0          0         80   sys_stackheap_outer.o
         2          0          0          0          0         68   use_no_semi.o
         2          0          0          0          0         68   use_no_semi_2.o
       804         16          0          0          0        272   daddsub_clz.o
        94          4          0          0          0         92   dfix.o
        84          0          0          0          0        136   dflt_clz.o
       156          4          0          0          0         92   dnaninf.o
        12          0          0          0          0         68   dretinf.o
       460         56          0          0          0        120   dsqrt_noumaal.o
       450          8          0          0          0        236   faddsub_clz.o
        24          0          0          0          0         68   fcmpi.o
       388         76          0          0          0         96   fdiv.o
        54          4          0          0          0         84   ffix.o
        86          0          0          0          0        136   fflt_clz.o
       104          4          0          0          0         84   fleqf.o
       258          4          0          0          0         84   fmul.o
       140          4          0          0          0         84   fnaninf.o
        10          0          0          0          0         68   fretinf.o
        98          0          0          0          0         68   frleqf.o
         0          0          0          0          0          0   usenofp.o
        76          0          0          0          0         84   sqrt.o

    ----------------------------------------------------------------------
      4460        218         58          0        100       3360   Library Totals
        12          0          1          0          4          0   (incl. Padding)

    ----------------------------------------------------------------------

      Code (inc. data)   RO Data    RW Data    ZI Data      Debug   Library Name

      1150         38         57          0         96       1488   c_w.l
      3222        180          0          0          0       1788   fz_ws.l
        76          0          0          0          0         84   m_ws.l

    ----------------------------------------------------------------------
      4460        218         58          0        100       3360   Library Totals

    ----------------------------------------------------------------------

==============================================================================


      Code (inc. data)   RO Data    RW Data    ZI Data      Debug   

     10682        926        326        276       1836     295101   Grand Totals
     10682        926        326        276       1836     295101   ELF Image Totals
     10682        926        326        276          0          0   ROM Totals

==============================================================================

    Total RO  Size (Code + RO Data)                11008 (  10.75kB)
    Total RW  Size (RW Data + ZI Data)              2112 (   2.06kB)
    Total ROM Size (Code + RO Data + RW Data)      11284 (  11.02kB)

==============================================================================

